Archive member included to satisfy reference by file (symbol)

d:/clion 2021.1.1/gnu tools arm embedded/5.4 2016q3/bin/../lib/gcc/arm-none-eabi/5.4.1/armv7e-m\libgcc.a(_aeabi_uldivmod.o)
                              CMakeFiles/STM32F4SPI.elf.dir/Drivers/STM32F4xx_HAL_Driver/Src/stm32f4xx_hal_rcc.c.obj (__aeabi_uldivmod)
d:/clion 2021.1.1/gnu tools arm embedded/5.4 2016q3/bin/../lib/gcc/arm-none-eabi/5.4.1/armv7e-m\libgcc.a(_udivmoddi4.o)
                              d:/clion 2021.1.1/gnu tools arm embedded/5.4 2016q3/bin/../lib/gcc/arm-none-eabi/5.4.1/armv7e-m\libgcc.a(_aeabi_uldivmod.o) (__udivmoddi4)
d:/clion 2021.1.1/gnu tools arm embedded/5.4 2016q3/bin/../lib/gcc/arm-none-eabi/5.4.1/armv7e-m\libgcc.a(_dvmd_tls.o)
                              d:/clion 2021.1.1/gnu tools arm embedded/5.4 2016q3/bin/../lib/gcc/arm-none-eabi/5.4.1/armv7e-m\libgcc.a(_aeabi_uldivmod.o) (__aeabi_ldiv0)
d:/clion 2021.1.1/gnu tools arm embedded/5.4 2016q3/bin/../lib/gcc/arm-none-eabi/5.4.1/../../../../arm-none-eabi/lib/armv7e-m\libg.a(lib_a-errno.o)
                              CMakeFiles/STM32F4SPI.elf.dir/Core/Src/syscalls.c.obj (__errno)
d:/clion 2021.1.1/gnu tools arm embedded/5.4 2016q3/bin/../lib/gcc/arm-none-eabi/5.4.1/../../../../arm-none-eabi/lib/armv7e-m\libg.a(lib_a-exit.o)
                              d:/clion 2021.1.1/gnu tools arm embedded/5.4 2016q3/bin/../lib/gcc/arm-none-eabi/5.4.1/../../../../arm-none-eabi/lib/armv7e-m/crt0.o (exit)
d:/clion 2021.1.1/gnu tools arm embedded/5.4 2016q3/bin/../lib/gcc/arm-none-eabi/5.4.1/../../../../arm-none-eabi/lib/armv7e-m\libg.a(lib_a-impure.o)
                              d:/clion 2021.1.1/gnu tools arm embedded/5.4 2016q3/bin/../lib/gcc/arm-none-eabi/5.4.1/../../../../arm-none-eabi/lib/armv7e-m\libg.a(lib_a-exit.o) (_global_impure_ptr)
d:/clion 2021.1.1/gnu tools arm embedded/5.4 2016q3/bin/../lib/gcc/arm-none-eabi/5.4.1/../../../../arm-none-eabi/lib/armv7e-m\libg.a(lib_a-init.o)
                              d:/clion 2021.1.1/gnu tools arm embedded/5.4 2016q3/bin/../lib/gcc/arm-none-eabi/5.4.1/../../../../arm-none-eabi/lib/armv7e-m/crt0.o (__libc_init_array)
d:/clion 2021.1.1/gnu tools arm embedded/5.4 2016q3/bin/../lib/gcc/arm-none-eabi/5.4.1/../../../../arm-none-eabi/lib/armv7e-m\libg.a(lib_a-memcpy.o)
                              CMakeFiles/STM32F4SPI.elf.dir/Core/Src/main.c.obj (memcpy)
d:/clion 2021.1.1/gnu tools arm embedded/5.4 2016q3/bin/../lib/gcc/arm-none-eabi/5.4.1/../../../../arm-none-eabi/lib/armv7e-m\libg.a(lib_a-memset.o)
                              d:/clion 2021.1.1/gnu tools arm embedded/5.4 2016q3/bin/../lib/gcc/arm-none-eabi/5.4.1/../../../../arm-none-eabi/lib/armv7e-m/crt0.o (memset)
d:/clion 2021.1.1/gnu tools arm embedded/5.4 2016q3/bin/../lib/gcc/arm-none-eabi/5.4.1/../../../../arm-none-eabi/lib/armv7e-m\libg.a(lib_a-printf.o)
                              CMakeFiles/STM32F4SPI.elf.dir/Core/Src/stm32f4xx_it.c.obj (printf)
d:/clion 2021.1.1/gnu tools arm embedded/5.4 2016q3/bin/../lib/gcc/arm-none-eabi/5.4.1/../../../../arm-none-eabi/lib/armv7e-m\libg.a(lib_a-puts.o)
                              CMakeFiles/STM32F4SPI.elf.dir/Core/Src/main.c.obj (puts)
d:/clion 2021.1.1/gnu tools arm embedded/5.4 2016q3/bin/../lib/gcc/arm-none-eabi/5.4.1/../../../../arm-none-eabi/lib/armv7e-m\libg.a(lib_a-strlen.o)
                              d:/clion 2021.1.1/gnu tools arm embedded/5.4 2016q3/bin/../lib/gcc/arm-none-eabi/5.4.1/../../../../arm-none-eabi/lib/armv7e-m\libg.a(lib_a-puts.o) (strlen)
d:/clion 2021.1.1/gnu tools arm embedded/5.4 2016q3/bin/../lib/gcc/arm-none-eabi/5.4.1/../../../../arm-none-eabi/lib/armv7e-m\libg.a(lib_a-vfprintf.o)
                              d:/clion 2021.1.1/gnu tools arm embedded/5.4 2016q3/bin/../lib/gcc/arm-none-eabi/5.4.1/../../../../arm-none-eabi/lib/armv7e-m\libg.a(lib_a-printf.o) (_vfprintf_r)
d:/clion 2021.1.1/gnu tools arm embedded/5.4 2016q3/bin/../lib/gcc/arm-none-eabi/5.4.1/../../../../arm-none-eabi/lib/armv7e-m\libg.a(lib_a-wsetup.o)
                              d:/clion 2021.1.1/gnu tools arm embedded/5.4 2016q3/bin/../lib/gcc/arm-none-eabi/5.4.1/../../../../arm-none-eabi/lib/armv7e-m\libg.a(lib_a-vfprintf.o) (__swsetup_r)
d:/clion 2021.1.1/gnu tools arm embedded/5.4 2016q3/bin/../lib/gcc/arm-none-eabi/5.4.1/../../../../arm-none-eabi/lib/armv7e-m\libg.a(lib_a-__call_atexit.o)
                              d:/clion 2021.1.1/gnu tools arm embedded/5.4 2016q3/bin/../lib/gcc/arm-none-eabi/5.4.1/../../../../arm-none-eabi/lib/armv7e-m\libg.a(lib_a-exit.o) (__call_exitprocs)
d:/clion 2021.1.1/gnu tools arm embedded/5.4 2016q3/bin/../lib/gcc/arm-none-eabi/5.4.1/../../../../arm-none-eabi/lib/armv7e-m\libg.a(lib_a-atexit.o)
                              d:/clion 2021.1.1/gnu tools arm embedded/5.4 2016q3/bin/../lib/gcc/arm-none-eabi/5.4.1/../../../../arm-none-eabi/lib/armv7e-m\libg.a(lib_a-__call_atexit.o) (atexit)
[...]
Memory Configuration

Name             Origin             Length             Attributes
RAM              0x20000000         0x00020000         xrw
CCMRAM           0x10000000         0x00010000         xrw
FLASH            0x08000000         0x00100000         xr
*default*        0x00000000         0xffffffff

Linker script and memory map

LOAD d:/clion 2021.1.1/gnu tools arm embedded/5.4 2016q3/bin/../lib/gcc/arm-none-eabi/5.4.1/armv7e-m/crti.o
LOAD d:/clion 2021.1.1/gnu tools arm embedded/5.4 2016q3/bin/../lib/gcc/arm-none-eabi/5.4.1/armv7e-m/crtbegin.o
LOAD d:/clion 2021.1.1/gnu tools arm embedded/5.4 2016q3/bin/../lib/gcc/arm-none-eabi/5.4.1/../../../../arm-none-eabi/lib/armv7e-m/crt0.o
LOAD CMakeFiles/STM32F4SPI.elf.dir/Core/OLED/OLED.c.obj
LOAD CMakeFiles/STM32F4SPI.elf.dir/Core/Src/dma.c.obj
LOAD CMakeFiles/STM32F4SPI.elf.dir/Core/Src/gpio.c.obj
LOAD CMakeFiles/STM32F4SPI.elf.dir/Core/Src/main.c.obj
LOAD CMakeFiles/STM32F4SPI.elf.dir/Core/Src/spi.c.obj
LOAD CMakeFiles/STM32F4SPI.elf.dir/Core/Src/stm32f4xx_hal_msp.c.obj
LOAD CMakeFiles/STM32F4SPI.elf.dir/Core/Src/stm32f4xx_it.c.obj
LOAD CMakeFiles/STM32F4SPI.elf.dir/Core/Src/syscalls.c.obj
LOAD CMakeFiles/STM32F4SPI.elf.dir/Core/Src/system_stm32f4xx.c.obj
LOAD CMakeFiles/STM32F4SPI.elf.dir/Core/Src/usart.c.obj
LOAD CMakeFiles/STM32F4SPI.elf.dir/Drivers/STM32F4xx_HAL_Driver/Src/stm32f4xx_hal.c.obj
LOAD CMakeFiles/STM32F4SPI.elf.dir/Drivers/STM32F4xx_HAL_Driver/Src/stm32f4xx_hal_cortex.c.obj
LOAD CMakeFiles/STM32F4SPI.elf.dir/Drivers/STM32F4xx_HAL_Driver/Src/stm32f4xx_hal_dma.c.obj
LOAD CMakeFiles/STM32F4SPI.elf.dir/Drivers/STM32F4xx_HAL_Driver/Src/stm32f4xx_hal_dma_ex.c.obj
LOAD CMakeFiles/STM32F4SPI.elf.dir/Drivers/STM32F4xx_HAL_Driver/Src/stm32f4xx_hal_exti.c.obj
LOAD CMakeFiles/STM32F4SPI.elf.dir/Drivers/STM32F4xx_HAL_Driver/Src/stm32f4xx_hal_flash.c.obj
LOAD CMakeFiles/STM32F4SPI.elf.dir/Drivers/STM32F4xx_HAL_Driver/Src/stm32f4xx_hal_flash_ex.c.obj
LOAD CMakeFiles/STM32F4SPI.elf.dir/Drivers/STM32F4xx_HAL_Driver/Src/stm32f4xx_hal_flash_ramfunc.c.obj
LOAD CMakeFiles/STM32F4SPI.elf.dir/Drivers/STM32F4xx_HAL_Driver/Src/stm32f4xx_hal_gpio.c.obj
LOAD CMakeFiles/STM32F4SPI.elf.dir/Drivers/STM32F4xx_HAL_Driver/Src/stm32f4xx_hal_pwr.c.obj
LOAD CMakeFiles/STM32F4SPI.elf.dir/Drivers/STM32F4xx_HAL_Driver/Src/stm32f4xx_hal_pwr_ex.c.obj
LOAD CMakeFiles/STM32F4SPI.elf.dir/Drivers/STM32F4xx_HAL_Driver/Src/stm32f4xx_hal_rcc.c.obj
LOAD CMakeFiles/STM32F4SPI.elf.dir/Drivers/STM32F4xx_HAL_Driver/Src/stm32f4xx_hal_rcc_ex.c.obj
LOAD CMakeFiles/STM32F4SPI.elf.dir/Drivers/STM32F4xx_HAL_Driver/Src/stm32f4xx_hal_spi.c.obj
LOAD CMakeFiles/STM32F4SPI.elf.dir/Drivers/STM32F4xx_HAL_Driver/Src/stm32f4xx_hal_tim.c.obj
LOAD CMakeFiles/STM32F4SPI.elf.dir/Drivers/STM32F4xx_HAL_Driver/Src/stm32f4xx_hal_tim_ex.c.obj
LOAD CMakeFiles/STM32F4SPI.elf.dir/Drivers/STM32F4xx_HAL_Driver/Src/stm32f4xx_hal_uart.c.obj
LOAD CMakeFiles/STM32F4SPI.elf.dir/startup/startup_stm32f407xx.s.obj
START GROUP
LOAD d:/clion 2021.1.1/gnu tools arm embedded/5.4 2016q3/bin/../lib/gcc/arm-none-eabi/5.4.1/armv7e-m\libgcc.a
LOAD d:/clion 2021.1.1/gnu tools arm embedded/5.4 2016q3/bin/../lib/gcc/arm-none-eabi/5.4.1/../../../../arm-none-eabi/lib/armv7e-m\libg.a
LOAD d:/clion 2021.1.1/gnu tools arm embedded/5.4 2016q3/bin/../lib/gcc/arm-none-eabi/5.4.1/../../../../arm-none-eabi/lib/armv7e-m\libc.a
END GROUP
LOAD d:/clion 2021.1.1/gnu tools arm embedded/5.4 2016q3/bin/../lib/gcc/arm-none-eabi/5.4.1/armv7e-m/crtend.o
LOAD d:/clion 2021.1.1/gnu tools arm embedded/5.4 2016q3/bin/../lib/gcc/arm-none-eabi/5.4.1/armv7e-m/crtn.o
                0x20020000                _estack = 0x20020000
                0x00000200                _Min_Heap_Size = 0x200
                0x00000400                _Min_Stack_Size = 0x400

.isr_vector     0x08000000      0x188
                0x08000000                . = ALIGN (0x4)
 *(.isr_vector)
 .isr_vector    0x08000000      0x188 CMakeFiles/STM32F4SPI.elf.dir/startup/startup_stm32f407xx.s.obj
                0x08000000                g_pfnVectors
                0x08000188                . = ALIGN (0x4)

.text           0x080001c0     0x448c
                0x080001c0                . = ALIGN (0x4)
 *(.text)
 .text          0x080001c0       0x5c d:/clion 2021.1.1/gnu tools arm embedded/5.4 2016q3/bin/../lib/gcc/arm-none-eabi/5.4.1/armv7e-m/crtbegin.o
 .text          0x0800021c       0x30 d:/clion 2021.1.1/gnu tools arm embedded/5.4 2016q3/bin/../lib/gcc/arm-none-eabi/5.4.1/armv7e-m\libgcc.a(_aeabi_uldivmod.o)
                0x0800021c                __aeabi_uldivmod
 .text          0x0800024c      0x2e4 d:/clion 2021.1.1/gnu tools arm embedded/5.4 2016q3/bin/../lib/gcc/arm-none-eabi/5.4.1/armv7e-m\libgcc.a(_udivmoddi4.o)
                0x0800024c                __udivmoddi4
 .text          0x08000530        0x4 d:/clion 2021.1.1/gnu tools arm embedded/5.4 2016q3/bin/../lib/gcc/arm-none-eabi/5.4.1/armv7e-m\libgcc.a(_dvmd_tls.o)
                0x08000530                __aeabi_idiv0
                0x08000530                __aeabi_ldiv0
 .text          0x08000534      0x134 d:/clion 2021.1.1/gnu tools arm embedded/5.4 2016q3/bin/../lib/gcc/arm-none-eabi/5.4.1/../../../../arm-none-eabi/lib/armv7e-m\libg.a(lib_a-memcpy.o)
                0x08000534                memcpy
 *fill*         0x08000668       0x18 
 .text          0x08000680       0xdc d:/clion 2021.1.1/gnu tools arm embedded/5.4 2016q3/bin/../lib/gcc/arm-none-eabi/5.4.1/../../../../arm-none-eabi/lib/armv7e-m\libg.a(lib_a-strlen.o)
                0x08000680                strlen
 *fill*         0x0800075c        0x4 
 .text          0x08000760       0xa0 d:/clion 2021.1.1/gnu tools arm embedded/5.4 2016q3/bin/../lib/gcc/arm-none-eabi/5.4.1/../../../../arm-none-eabi/lib/armv7e-m\libg.a(lib_a-memchr.o)
                0x08000760                memchr
 *(.text*)
 .text.OLED_WR_Byte
                0x08000800       0x48 CMakeFiles/STM32F4SPI.elf.dir/Core/OLED/OLED.c.obj
                0x08000800                OLED_WR_Byte
 .text.OLED_ColorTurn
                0x08000848       0x1c CMakeFiles/STM32F4SPI.elf.dir/Core/OLED/OLED.c.obj
                0x08000848                OLED_ColorTurn
 .text.OLED_DisplayTurn
                0x08000864       0x2c CMakeFiles/STM32F4SPI.elf.dir/Core/OLED/OLED.c.obj
                0x08000864                OLED_DisplayTurn
 .text.OLED_Refresh
                0x08000890       0x18 CMakeFiles/STM32F4SPI.elf.dir/Core/OLED/OLED.c.obj
                0x08000890                OLED_Refresh
 .text.OLED_Clear
                0x080008a8       0x30 CMakeFiles/STM32F4SPI.elf.dir/Core/OLED/OLED.c.obj
                0x080008a8                OLED_Clear
 .text.OLED_DrawPoint
                0x080008d8       0x3c CMakeFiles/STM32F4SPI.elf.dir/Core/OLED/OLED.c.obj
                0x080008d8                OLED_DrawPoint
 .text.OLED_ShowPicture
                0x08000914       0xac CMakeFiles/STM32F4SPI.elf.dir/Core/OLED/OLED.c.obj
                0x08000914                OLED_ShowPicture
 .text.OLED_Init
                0x080009c0      0x110 CMakeFiles/STM32F4SPI.elf.dir/Core/OLED/OLED.c.obj
                0x080009c0                OLED_Init
 .text.MX_DMA_Init
                0x08000ad0       0x44 CMakeFiles/STM32F4SPI.elf.dir/Core/Src/dma.c.obj
                0x08000ad0                MX_DMA_Init
 .text.MX_GPIO_Init
                0x08000b14       0xb8 CMakeFiles/STM32F4SPI.elf.dir/Core/Src/gpio.c.obj
                0x08000b14                MX_GPIO_Init
 .text.USAR_UART_IDLECallback
                0x08000bcc       0x94 CMakeFiles/STM32F4SPI.elf.dir/Core/Src/main.c.obj
                0x08000bcc                USAR_UART_IDLECallback
 .text.Error_Handler
                0x08000c60        0x4 CMakeFiles/STM32F4SPI.elf.dir/Core/Src/main.c.obj
                0x08000c60                Error_Handler
 .text.SystemClock_Config
                0x08000c64       0xa8 CMakeFiles/STM32F4SPI.elf.dir/Core/Src/main.c.obj
                0x08000c64                SystemClock_Config
 .text.main     0x08000d0c       0x78 CMakeFiles/STM32F4SPI.elf.dir/Core/Src/main.c.obj
                0x08000d0c                main
 .text.MX_SPI1_Init
                0x08000d84       0x48 CMakeFiles/STM32F4SPI.elf.dir/Core/Src/spi.c.obj
                0x08000d84                MX_SPI1_Init
 .text.HAL_SPI_MspInit
                0x08000dcc       0xc8 CMakeFiles/STM32F4SPI.elf.dir/Core/Src/spi.c.obj
                0x08000dcc                HAL_SPI_MspInit
 .text.HAL_MspInit
                0x08000e94       0x38 CMakeFiles/STM32F4SPI.elf.dir/Core/Src/stm32f4xx_hal_msp.c.obj
                0x08000e94                HAL_MspInit
 .text.NMI_Handler
                0x08000ecc        0x4 CMakeFiles/STM32F4SPI.elf.dir/Core/Src/stm32f4xx_it.c.obj
                0x08000ecc                NMI_Handler
 .text.HardFault_Handler
                0x08000ed0        0x4 CMakeFiles/STM32F4SPI.elf.dir/Core/Src/stm32f4xx_it.c.obj
                0x08000ed0                HardFault_Handler
 .text.MemManage_Handler
                0x08000ed4        0x4 CMakeFiles/STM32F4SPI.elf.dir/Core/Src/stm32f4xx_it.c.obj
                0x08000ed4                MemManage_Handler
 .text.BusFault_Handler
                0x08000ed8        0x4 CMakeFiles/STM32F4SPI.elf.dir/Core/Src/stm32f4xx_it.c.obj
                0x08000ed8                BusFault_Handler
 .text.UsageFault_Handler
                0x08000edc        0x4 CMakeFiles/STM32F4SPI.elf.dir/Core/Src/stm32f4xx_it.c.obj
                0x08000edc                UsageFault_Handler
 .text.SVC_Handler
                0x08000ee0        0x4 CMakeFiles/STM32F4SPI.elf.dir/Core/Src/stm32f4xx_it.c.obj
                0x08000ee0                SVC_Handler
 .text.DebugMon_Handler
                0x08000ee4        0x4 CMakeFiles/STM32F4SPI.elf.dir/Core/Src/stm32f4xx_it.c.obj
                0x08000ee4                DebugMon_Handler
 .text.PendSV_Handler
                0x08000ee8        0x4 CMakeFiles/STM32F4SPI.elf.dir/Core/Src/stm32f4xx_it.c.obj
                0x08000ee8                PendSV_Handler
 .text.SysTick_Handler
                0x08000eec        0x8 CMakeFiles/STM32F4SPI.elf.dir/Core/Src/stm32f4xx_it.c.obj
                0x08000eec                SysTick_Handler
 .text.DMA2_Stream2_IRQHandler
                0x08000ef4       0x10 CMakeFiles/STM32F4SPI.elf.dir/Core/Src/stm32f4xx_it.c.obj
                0x08000ef4                DMA2_Stream2_IRQHandler
 .text.DMA2_Stream3_IRQHandler
                0x08000f04       0x10 CMakeFiles/STM32F4SPI.elf.dir/Core/Src/stm32f4xx_it.c.obj
                0x08000f04                DMA2_Stream3_IRQHandler
 .text.USER_UART_IRQHandler
                0x08000f14       0x38 CMakeFiles/STM32F4SPI.elf.dir/Core/Src/stm32f4xx_it.c.obj
                0x08000f14                USER_UART_IRQHandler
 .text.USART1_IRQHandler
                0x08000f4c       0x18 CMakeFiles/STM32F4SPI.elf.dir/Core/Src/stm32f4xx_it.c.obj
                0x08000f4c                USART1_IRQHandler
 .text._read    0x08000f64       0x20 CMakeFiles/STM32F4SPI.elf.dir/Core/Src/syscalls.c.obj
                0x08000f64                _read
 .text._write   0x08000f84       0x1c CMakeFiles/STM32F4SPI.elf.dir/Core/Src/syscalls.c.obj
                0x08000f84                _write
 .text._sbrk    0x08000fa0       0x38 CMakeFiles/STM32F4SPI.elf.dir/Core/Src/syscalls.c.obj
                0x08000fa0                _sbrk
 .text._close   0x08000fd8        0x8 CMakeFiles/STM32F4SPI.elf.dir/Core/Src/syscalls.c.obj
                0x08000fd8                _close
 .text._fstat   0x08000fe0        0xc CMakeFiles/STM32F4SPI.elf.dir/Core/Src/syscalls.c.obj
                0x08000fe0                _fstat
 .text._isatty  0x08000fec        0x4 CMakeFiles/STM32F4SPI.elf.dir/Core/Src/syscalls.c.obj
                0x08000fec                _isatty
 .text._lseek   0x08000ff0        0x4 CMakeFiles/STM32F4SPI.elf.dir/Core/Src/syscalls.c.obj
                0x08000ff0                _lseek
 .text.SystemInit
                0x08000ff4        0x4 CMakeFiles/STM32F4SPI.elf.dir/Core/Src/system_stm32f4xx.c.obj
                0x08000ff4                SystemInit
 .text.MX_USART1_UART_Init
                0x08000ff8       0x34 CMakeFiles/STM32F4SPI.elf.dir/Core/Src/usart.c.obj
                0x08000ff8                MX_USART1_UART_Init
 .text.HAL_UART_MspInit
                0x0800102c       0xbc CMakeFiles/STM32F4SPI.elf.dir/Core/Src/usart.c.obj
                0x0800102c                HAL_UART_MspInit
 .text.__io_putchar
                0x080010e8       0x24 CMakeFiles/STM32F4SPI.elf.dir/Core/Src/usart.c.obj
                0x080010e8                __io_putchar
 .text.HAL_InitTick
                0x0800110c       0x4c CMakeFiles/STM32F4SPI.elf.dir/Drivers/STM32F4xx_HAL_Driver/Src/stm32f4xx_hal.c.obj
                0x0800110c                HAL_InitTick
 .text.HAL_Init
                0x08001158       0x34 CMakeFiles/STM32F4SPI.elf.dir/Drivers/STM32F4xx_HAL_Driver/Src/stm32f4xx_hal.c.obj
                0x08001158                HAL_Init
 .text.HAL_IncTick
                0x0800118c       0x18 CMakeFiles/STM32F4SPI.elf.dir/Drivers/STM32F4xx_HAL_Driver/Src/stm32f4xx_hal.c.obj
                0x0800118c                HAL_IncTick
 .text.HAL_GetTick
                0x080011a4        0xc CMakeFiles/STM32F4SPI.elf.dir/Drivers/STM32F4xx_HAL_Driver/Src/stm32f4xx_hal.c.obj
                0x080011a4                HAL_GetTick
 .text.HAL_Delay
                0x080011b0       0x28 CMakeFiles/STM32F4SPI.elf.dir/Drivers/STM32F4xx_HAL_Driver/Src/stm32f4xx_hal.c.obj
                0x080011b0                HAL_Delay
 .text.HAL_NVIC_SetPriorityGrouping
                0x080011d8       0x24 CMakeFiles/STM32F4SPI.elf.dir/Drivers/STM32F4xx_HAL_Driver/Src/stm32f4xx_hal_cortex.c.obj
                0x080011d8                HAL_NVIC_SetPriorityGrouping
 .text.HAL_NVIC_SetPriority
                0x080011fc       0x64 CMakeFiles/STM32F4SPI.elf.dir/Drivers/STM32F4xx_HAL_Driver/Src/stm32f4xx_hal_cortex.c.obj
                0x080011fc                HAL_NVIC_SetPriority
 .text.HAL_NVIC_EnableIRQ
                0x08001260       0x1c CMakeFiles/STM32F4SPI.elf.dir/Drivers/STM32F4xx_HAL_Driver/Src/stm32f4xx_hal_cortex.c.obj
                0x08001260                HAL_NVIC_EnableIRQ
 .text.HAL_SYSTICK_Config
                0x0800127c       0x2c CMakeFiles/STM32F4SPI.elf.dir/Drivers/STM32F4xx_HAL_Driver/Src/stm32f4xx_hal_cortex.c.obj
                0x0800127c                HAL_SYSTICK_Config
 .text.DMA_SetConfig
                0x080012a8       0x2c CMakeFiles/STM32F4SPI.elf.dir/Drivers/STM32F4xx_HAL_Driver/Src/stm32f4xx_hal_dma.c.obj
 .text.DMA_CalcBaseAndBitshift
                0x080012d4       0x3c CMakeFiles/STM32F4SPI.elf.dir/Drivers/STM32F4xx_HAL_Driver/Src/stm32f4xx_hal_dma.c.obj
 .text.DMA_CheckFifoParam
                0x08001310       0x90 CMakeFiles/STM32F4SPI.elf.dir/Drivers/STM32F4xx_HAL_Driver/Src/stm32f4xx_hal_dma.c.obj
 .text.HAL_DMA_Init
                0x080013a0       0xd0 CMakeFiles/STM32F4SPI.elf.dir/Drivers/STM32F4xx_HAL_Driver/Src/stm32f4xx_hal_dma.c.obj
                0x080013a0                HAL_DMA_Init
 .text.HAL_DMA_Start_IT
                0x08001470       0x6c CMakeFiles/STM32F4SPI.elf.dir/Drivers/STM32F4xx_HAL_Driver/Src/stm32f4xx_hal_dma.c.obj
                0x08001470                HAL_DMA_Start_IT
 .text.HAL_DMA_Abort
                0x080014dc       0x94 CMakeFiles/STM32F4SPI.elf.dir/Drivers/STM32F4xx_HAL_Driver/Src/stm32f4xx_hal_dma.c.obj
                0x080014dc                HAL_DMA_Abort
 .text.HAL_DMA_Abort_IT
                0x08001570       0x28 CMakeFiles/STM32F4SPI.elf.dir/Drivers/STM32F4xx_HAL_Driver/Src/stm32f4xx_hal_dma.c.obj
                0x08001570                HAL_DMA_Abort_IT
 .text.HAL_DMA_IRQHandler
                0x08001598      0x1d8 CMakeFiles/STM32F4SPI.elf.dir/Drivers/STM32F4xx_HAL_Driver/Src/stm32f4xx_hal_dma.c.obj
                0x08001598                HAL_DMA_IRQHandler
 .text.HAL_GPIO_Init
                0x08001770      0x1d0 CMakeFiles/STM32F4SPI.elf.dir/Drivers/STM32F4xx_HAL_Driver/Src/stm32f4xx_hal_gpio.c.obj
                0x08001770                HAL_GPIO_Init
 .text.HAL_GPIO_WritePin
                0x08001940        0xc CMakeFiles/STM32F4SPI.elf.dir/Drivers/STM32F4xx_HAL_Driver/Src/stm32f4xx_hal_gpio.c.obj
                0x08001940                HAL_GPIO_WritePin
 .text.HAL_RCC_OscConfig
                0x0800194c      0x428 CMakeFiles/STM32F4SPI.elf.dir/Drivers/STM32F4xx_HAL_Driver/Src/stm32f4xx_hal_rcc.c.obj
                0x0800194c                HAL_RCC_OscConfig
 .text.HAL_RCC_GetSysClockFreq
                0x08001d74       0xcc CMakeFiles/STM32F4SPI.elf.dir/Drivers/STM32F4xx_HAL_Driver/Src/stm32f4xx_hal_rcc.c.obj
                0x08001d74                HAL_RCC_GetSysClockFreq
 .text.HAL_RCC_ClockConfig
                0x08001e40      0x168 CMakeFiles/STM32F4SPI.elf.dir/Drivers/STM32F4xx_HAL_Driver/Src/stm32f4xx_hal_rcc.c.obj
                0x08001e40                HAL_RCC_ClockConfig
 .text.HAL_RCC_GetHCLKFreq
                0x08001fa8        0xc CMakeFiles/STM32F4SPI.elf.dir/Drivers/STM32F4xx_HAL_Driver/Src/stm32f4xx_hal_rcc.c.obj
                0x08001fa8                HAL_RCC_GetHCLKFreq
 .text.HAL_RCC_GetPCLK1Freq
                0x08001fb4       0x20 CMakeFiles/STM32F4SPI.elf.dir/Drivers/STM32F4xx_HAL_Driver/Src/stm32f4xx_hal_rcc.c.obj
                0x08001fb4                HAL_RCC_GetPCLK1Freq
 .text.HAL_RCC_GetPCLK2Freq
                0x08001fd4       0x20 CMakeFiles/STM32F4SPI.elf.dir/Drivers/STM32F4xx_HAL_Driver/Src/stm32f4xx_hal_rcc.c.obj
                0x08001fd4                HAL_RCC_GetPCLK2Freq
 .text.SPI_WaitFlagStateUntilTimeout
                0x08001ff4       0xcc CMakeFiles/STM32F4SPI.elf.dir/Drivers/STM32F4xx_HAL_Driver/Src/stm32f4xx_hal_spi.c.obj
 .text.SPI_EndRxTxTransaction
                0x080020c0       0x68 CMakeFiles/STM32F4SPI.elf.dir/Drivers/STM32F4xx_HAL_Driver/Src/stm32f4xx_hal_spi.c.obj
 .text.HAL_SPI_Init
                0x08002128       0xc4 CMakeFiles/STM32F4SPI.elf.dir/Drivers/STM32F4xx_HAL_Driver/Src/stm32f4xx_hal_spi.c.obj
                0x08002128                HAL_SPI_Init
 .text.HAL_SPI_Transmit
                0x080021ec      0x1b0 CMakeFiles/STM32F4SPI.elf.dir/Drivers/STM32F4xx_HAL_Driver/Src/stm32f4xx_hal_spi.c.obj
                0x080021ec                HAL_SPI_Transmit
 .text.HAL_SPI_Transmit_DMA
                0x0800239c       0xe0 CMakeFiles/STM32F4SPI.elf.dir/Drivers/STM32F4xx_HAL_Driver/Src/stm32f4xx_hal_spi.c.obj
                0x0800239c                HAL_SPI_Transmit_DMA
 .text.HAL_SPI_TxCpltCallback
                0x0800247c        0x4 CMakeFiles/STM32F4SPI.elf.dir/Drivers/STM32F4xx_HAL_Driver/Src/stm32f4xx_hal_spi.c.obj
                0x0800247c                HAL_SPI_TxCpltCallback
 .text.HAL_SPI_TxHalfCpltCallback
                0x08002480        0x4 CMakeFiles/STM32F4SPI.elf.dir/Drivers/STM32F4xx_HAL_Driver/Src/stm32f4xx_hal_spi.c.obj
                0x08002480                HAL_SPI_TxHalfCpltCallback
 .text.SPI_DMAHalfTransmitCplt
                0x08002484        0xc CMakeFiles/STM32F4SPI.elf.dir/Drivers/STM32F4xx_HAL_Driver/Src/stm32f4xx_hal_spi.c.obj
 .text.HAL_SPI_ErrorCallback
                0x08002490        0x4 CMakeFiles/STM32F4SPI.elf.dir/Drivers/STM32F4xx_HAL_Driver/Src/stm32f4xx_hal_spi.c.obj
                0x08002490                HAL_SPI_ErrorCallback
 .text.SPI_DMAError
                0x08002494       0x24 CMakeFiles/STM32F4SPI.elf.dir/Drivers/STM32F4xx_HAL_Driver/Src/stm32f4xx_hal_spi.c.obj
 .text.SPI_DMATransmitCplt
                0x080024b8       0x70 CMakeFiles/STM32F4SPI.elf.dir/Drivers/STM32F4xx_HAL_Driver/Src/stm32f4xx_hal_spi.c.obj
 .text.UART_EndTxTransfer
                0x08002528       0x14 CMakeFiles/STM32F4SPI.elf.dir/Drivers/STM32F4xx_HAL_Driver/Src/stm32f4xx_hal_uart.c.obj
 .text.UART_EndRxTransfer
                0x0800253c       0x30 CMakeFiles/STM32F4SPI.elf.dir/Drivers/STM32F4xx_HAL_Driver/Src/stm32f4xx_hal_uart.c.obj
 .text.UART_Transmit_IT
                0x0800256c       0x64 CMakeFiles/STM32F4SPI.elf.dir/Drivers/STM32F4xx_HAL_Driver/Src/stm32f4xx_hal_uart.c.obj
 .text.UART_SetConfig
                0x080025d0      0x110 CMakeFiles/STM32F4SPI.elf.dir/Drivers/STM32F4xx_HAL_Driver/Src/stm32f4xx_hal_uart.c.obj
 .text.UART_WaitOnFlagUntilTimeout
                0x080026e0       0x68 CMakeFiles/STM32F4SPI.elf.dir/Drivers/STM32F4xx_HAL_Driver/Src/stm32f4xx_hal_uart.c.obj
 .text.HAL_UART_Init
                0x08002748       0x64 CMakeFiles/STM32F4SPI.elf.dir/Drivers/STM32F4xx_HAL_Driver/Src/stm32f4xx_hal_uart.c.obj
                0x08002748                HAL_UART_Init
 .text.HAL_UART_Transmit
                0x080027ac       0xdc CMakeFiles/STM32F4SPI.elf.dir/Drivers/STM32F4xx_HAL_Driver/Src/stm32f4xx_hal_uart.c.obj
                0x080027ac                HAL_UART_Transmit
 .text.HAL_UART_DMAStop
                0x08002888       0x5c CMakeFiles/STM32F4SPI.elf.dir/Drivers/STM32F4xx_HAL_Driver/Src/stm32f4xx_hal_uart.c.obj
                0x08002888                HAL_UART_DMAStop
 .text.HAL_UART_TxCpltCallback
                0x080028e4        0x4 CMakeFiles/STM32F4SPI.elf.dir/Drivers/STM32F4xx_HAL_Driver/Src/stm32f4xx_hal_uart.c.obj
                0x080028e4                HAL_UART_TxCpltCallback
 .text.UART_EndTransmit_IT
                0x080028e8       0x1c CMakeFiles/STM32F4SPI.elf.dir/Drivers/STM32F4xx_HAL_Driver/Src/stm32f4xx_hal_uart.c.obj
 .text.HAL_UART_RxCpltCallback
                0x08002904        0x4 CMakeFiles/STM32F4SPI.elf.dir/Drivers/STM32F4xx_HAL_Driver/Src/stm32f4xx_hal_uart.c.obj
                0x08002904                HAL_UART_RxCpltCallback
 .text.HAL_UART_RxHalfCpltCallback
                0x08002908        0x4 CMakeFiles/STM32F4SPI.elf.dir/Drivers/STM32F4xx_HAL_Driver/Src/stm32f4xx_hal_uart.c.obj
                0x08002908                HAL_UART_RxHalfCpltCallback
 .text.HAL_UART_ErrorCallback
                0x0800290c        0x4 CMakeFiles/STM32F4SPI.elf.dir/Drivers/STM32F4xx_HAL_Driver/Src/stm32f4xx_hal_uart.c.obj
                0x0800290c                HAL_UART_ErrorCallback
 .text.UART_DMAError
                0x08002910       0x50 CMakeFiles/STM32F4SPI.elf.dir/Drivers/STM32F4xx_HAL_Driver/Src/stm32f4xx_hal_uart.c.obj
 .text.UART_DMAAbortOnError
                0x08002960       0x10 CMakeFiles/STM32F4SPI.elf.dir/Drivers/STM32F4xx_HAL_Driver/Src/stm32f4xx_hal_uart.c.obj
 .text.HAL_UARTEx_RxEventCallback
                0x08002970        0x4 CMakeFiles/STM32F4SPI.elf.dir/Drivers/STM32F4xx_HAL_Driver/Src/stm32f4xx_hal_uart.c.obj
                0x08002970                HAL_UARTEx_RxEventCallback
 .text.UART_Receive_IT
                0x08002974       0xb0 CMakeFiles/STM32F4SPI.elf.dir/Drivers/STM32F4xx_HAL_Driver/Src/stm32f4xx_hal_uart.c.obj
 .text.HAL_UART_IRQHandler
                0x08002a24      0x1f8 CMakeFiles/STM32F4SPI.elf.dir/Drivers/STM32F4xx_HAL_Driver/Src/stm32f4xx_hal_uart.c.obj
                0x08002a24                HAL_UART_IRQHandler
 .text.UART_DMARxHalfCplt
                0x08002c1c       0x1c CMakeFiles/STM32F4SPI.elf.dir/Drivers/STM32F4xx_HAL_Driver/Src/stm32f4xx_hal_uart.c.obj
 .text.UART_DMAReceiveCplt
                0x08002c38       0x60 CMakeFiles/STM32F4SPI.elf.dir/Drivers/STM32F4xx_HAL_Driver/Src/stm32f4xx_hal_uart.c.obj
 .text.UART_Start_Receive_DMA
                0x08002c98       0x78 CMakeFiles/STM32F4SPI.elf.dir/Drivers/STM32F4xx_HAL_Driver/Src/stm32f4xx_hal_uart.c.obj
                0x08002c98                UART_Start_Receive_DMA
 .text.HAL_UART_Receive_DMA
                0x08002d10       0x38 CMakeFiles/STM32F4SPI.elf.dir/Drivers/STM32F4xx_HAL_Driver/Src/stm32f4xx_hal_uart.c.obj
                0x08002d10                HAL_UART_Receive_DMA
 .text.Reset_Handler
                0x08002d48       0x50 CMakeFiles/STM32F4SPI.elf.dir/startup/startup_stm32f407xx.s.obj
                0x08002d48                Reset_Handler
 .text.Default_Handler
                0x08002d98        0x2 CMakeFiles/STM32F4SPI.elf.dir/startup/startup_stm32f407xx.s.obj
                0x08002d98                RTC_Alarm_IRQHandler
                0x08002d98                HASH_RNG_IRQHandler
                0x08002d98                EXTI2_IRQHandler
                0x08002d98                TIM8_CC_IRQHandler
                0x08002d98                TIM1_CC_IRQHandler
                0x08002d98                DMA2_Stream5_IRQHandler
                0x08002d98                DMA1_Stream5_IRQHandler
                0x08002d98                PVD_IRQHandler
                0x08002d98                SDIO_IRQHandler
                0x08002d98                TAMP_STAMP_IRQHandler
                0x08002d98                CAN2_RX1_IRQHandler
                0x08002d98                EXTI3_IRQHandler
                0x08002d98                TIM8_TRG_COM_TIM14_IRQHandler
                0x08002d98                TIM1_UP_TIM10_IRQHandler
                0x08002d98                TIM8_UP_TIM13_IRQHandler
                0x08002d98                I2C3_ER_IRQHandler
                0x08002d98                EXTI0_IRQHandler
                0x08002d98                I2C2_EV_IRQHandler
                0x08002d98                DMA1_Stream2_IRQHandler
                0x08002d98                CAN1_RX0_IRQHandler
                0x08002d98                FPU_IRQHandler
                0x08002d98                OTG_HS_WKUP_IRQHandler
                0x08002d98                CAN2_SCE_IRQHandler
                0x08002d98                SPI1_IRQHandler
                0x08002d98                TIM6_DAC_IRQHandler
                0x08002d98                TIM1_BRK_TIM9_IRQHandler
                0x08002d98                DCMI_IRQHandler
                0x08002d98                CAN2_RX0_IRQHandler
                0x08002d98                USART6_IRQHandler
                0x08002d98                USART3_IRQHandler
                0x08002d98                CAN1_RX1_IRQHandler
                0x08002d98                UART5_IRQHandler
                0x08002d98                DMA2_Stream0_IRQHandler
                0x08002d98                TIM4_IRQHandler
                0x08002d98                I2C1_EV_IRQHandler
                0x08002d98                DMA1_Stream6_IRQHandler
                0x08002d98                DMA1_Stream1_IRQHandler
                0x08002d98                UART4_IRQHandler
                0x08002d98                TIM3_IRQHandler
                0x08002d98                RCC_IRQHandler
                0x08002d98                TIM8_BRK_TIM12_IRQHandler
                0x08002d98                Default_Handler
                0x08002d98                EXTI15_10_IRQHandler
                0x08002d98                ADC_IRQHandler
                0x08002d98                DMA1_Stream7_IRQHandler
                0x08002d98                TIM7_IRQHandler
                0x08002d98                CAN2_TX_IRQHandler
                0x08002d98                TIM5_IRQHandler
                0x08002d98                DMA2_Stream7_IRQHandler
                0x08002d98                I2C3_EV_IRQHandler
                0x08002d98                EXTI9_5_IRQHandler
                0x08002d98                RTC_WKUP_IRQHandler
                0x08002d98                ETH_WKUP_IRQHandler
                0x08002d98                SPI2_IRQHandler
                0x08002d98                OTG_HS_EP1_IN_IRQHandler
                0x08002d98                DMA1_Stream0_IRQHandler
                0x08002d98                CAN1_TX_IRQHandler
                0x08002d98                EXTI4_IRQHandler
                0x08002d98                FSMC_IRQHandler
                0x08002d98                ETH_IRQHandler
                0x08002d98                OTG_HS_EP1_OUT_IRQHandler
                0x08002d98                WWDG_IRQHandler
                0x08002d98                TIM2_IRQHandler
                0x08002d98                OTG_FS_WKUP_IRQHandler
                0x08002d98                TIM1_TRG_COM_TIM11_IRQHandler
                0x08002d98                OTG_HS_IRQHandler
                0x08002d98                EXTI1_IRQHandler
                0x08002d98                USART2_IRQHandler
                0x08002d98                I2C2_ER_IRQHandler
                0x08002d98                DMA2_Stream1_IRQHandler
                0x08002d98                CAN1_SCE_IRQHandler
                0x08002d98                FLASH_IRQHandler
                0x08002d98                DMA2_Stream4_IRQHandler
                0x08002d98                OTG_FS_IRQHandler
                0x08002d98                SPI3_IRQHandler
                0x08002d98                DMA1_Stream4_IRQHandler
                0x08002d98                I2C1_ER_IRQHandler
                0x08002d98                DMA2_Stream6_IRQHandler
                0x08002d98                DMA1_Stream3_IRQHandler
 *fill*         0x08002d9a        0x2 
 .text.__errno  0x08002d9c        0xc d:/clion 2021.1.1/gnu tools arm embedded/5.4 2016q3/bin/../lib/gcc/arm-none-eabi/5.4.1/../../../../arm-none-eabi/lib/armv7e-m\libg.a(lib_a-errno.o)
                0x08002d9c                __errno
 .text.__libc_init_array
                0x08002da8       0x50 d:/clion 2021.1.1/gnu tools arm embedded/5.4 2016q3/bin/../lib/gcc/arm-none-eabi/5.4.1/../../../../arm-none-eabi/lib/armv7e-m\libg.a(lib_a-init.o)
                0x08002da8                __libc_init_array
 .text.memset   0x08002df8       0x9c d:/clion 2021.1.1/gnu tools arm embedded/5.4 2016q3/bin/../lib/gcc/arm-none-eabi/5.4.1/../../../../arm-none-eabi/lib/armv7e-m\libg.a(lib_a-memset.o)
                0x08002df8                memset
 .text._puts_r  0x08002e94       0x68 d:/clion 2021.1.1/gnu tools arm embedded/5.4 2016q3/bin/../lib/gcc/arm-none-eabi/5.4.1/../../../../arm-none-eabi/lib/armv7e-m\libg.a(lib_a-puts.o)
                0x08002e94                _puts_r
 .text.puts     0x08002efc       0x10 d:/clion 2021.1.1/gnu tools arm embedded/5.4 2016q3/bin/../lib/gcc/arm-none-eabi/5.4.1/../../../../arm-none-eabi/lib/armv7e-m\libg.a(lib_a-puts.o)
                0x08002efc                puts
 .text.__swsetup_r
                0x08002f0c       0xc8 d:/clion 2021.1.1/gnu tools arm embedded/5.4 2016q3/bin/../lib/gcc/arm-none-eabi/5.4.1/../../../../arm-none-eabi/lib/armv7e-m\libg.a(lib_a-wsetup.o)
                0x08002f0c                __swsetup_r
 .text.startup.register_fini
                0x08002fd4       0x14 d:/clion 2021.1.1/gnu tools arm embedded/5.4 2016q3/bin/../lib/gcc/arm-none-eabi/5.4.1/../../../../arm-none-eabi/lib/armv7e-m\libg.a(lib_a-__call_atexit.o)
 .text.atexit   0x08002fe8        0xc d:/clion 2021.1.1/gnu tools arm embedded/5.4 2016q3/bin/../lib/gcc/arm-none-eabi/5.4.1/../../../../arm-none-eabi/lib/armv7e-m\libg.a(lib_a-atexit.o)
                0x08002fe8                atexit
 .text.__sflush_r
                0x08002ff4      0x148 d:/clion 2021.1.1/gnu tools arm embedded/5.4 2016q3/bin/../lib/gcc/arm-none-eabi/5.4.1/../../../../arm-none-eabi/lib/armv7e-m\libg.a(lib_a-fflush.o)
                0x08002ff4                __sflush_r
 .text._fflush_r
                0x0800313c       0x2c d:/clion 2021.1.1/gnu tools arm embedded/5.4 2016q3/bin/../lib/gcc/arm-none-eabi/5.4.1/../../../../arm-none-eabi/lib/armv7e-m\libg.a(lib_a-fflush.o)
                0x0800313c                _fflush_r
 .text._cleanup_r
                0x08003168        0xc d:/clion 2021.1.1/gnu tools arm embedded/5.4 2016q3/bin/../lib/gcc/arm-none-eabi/5.4.1/../../../../arm-none-eabi/lib/armv7e-m\libg.a(lib_a-findfp.o)
                0x08003168                _cleanup_r
 .text.__sinit.part.1
                0x08003174       0xf0 d:/clion 2021.1.1/gnu tools arm embedded/5.4 2016q3/bin/../lib/gcc/arm-none-eabi/5.4.1/../../../../arm-none-eabi/lib/armv7e-m\libg.a(lib_a-findfp.o)
 .text.__sinit  0x08003264        0xc d:/clion 2021.1.1/gnu tools arm embedded/5.4 2016q3/bin/../lib/gcc/arm-none-eabi/5.4.1/../../../../arm-none-eabi/lib/armv7e-m\libg.a(lib_a-findfp.o)
                0x08003264                __sinit
 .text.__sfp_lock_acquire
                0x08003270        0x4 d:/clion 2021.1.1/gnu tools arm embedded/5.4 2016q3/bin/../lib/gcc/arm-none-eabi/5.4.1/../../../../arm-none-eabi/lib/armv7e-m\libg.a(lib_a-findfp.o)
                0x08003270                __sfp_lock_acquire
 .text.__sfp_lock_release
                0x08003274        0x4 d:/clion 2021.1.1/gnu tools arm embedded/5.4 2016q3/bin/../lib/gcc/arm-none-eabi/5.4.1/../../../../arm-none-eabi/lib/armv7e-m\libg.a(lib_a-findfp.o)
                0x08003274                __sfp_lock_release
 .text.__libc_fini_array
                0x08003278       0x28 d:/clion 2021.1.1/gnu tools arm embedded/5.4 2016q3/bin/../lib/gcc/arm-none-eabi/5.4.1/../../../../arm-none-eabi/lib/armv7e-m\libg.a(lib_a-fini.o)
                0x08003278                __libc_fini_array
 .text._malloc_trim_r
                0x080032a0       0x9c d:/clion 2021.1.1/gnu tools arm embedded/5.4 2016q3/bin/../lib/gcc/arm-none-eabi/5.4.1/../../../../arm-none-eabi/lib/armv7e-m\libg.a(lib_a-freer.o)
                0x080032a0                _malloc_trim_r
 .text._free_r  0x0800333c      0x1d0 d:/clion 2021.1.1/gnu tools arm embedded/5.4 2016q3/bin/../lib/gcc/arm-none-eabi/5.4.1/../../../../arm-none-eabi/lib/armv7e-m\libg.a(lib_a-freer.o)
                0x0800333c                _free_r
 .text.__sfvwrite_r
                0x0800350c      0x304 d:/clion 2021.1.1/gnu tools arm embedded/5.4 2016q3/bin/../lib/gcc/arm-none-eabi/5.4.1/../../../../arm-none-eabi/lib/armv7e-m\libg.a(lib_a-fvwrite.o)
                0x0800350c                __sfvwrite_r
 .text._fwalk_reent
                0x08003810       0x54 d:/clion 2021.1.1/gnu tools arm embedded/5.4 2016q3/bin/../lib/gcc/arm-none-eabi/5.4.1/../../../../arm-none-eabi/lib/armv7e-m\libg.a(lib_a-fwalk.o)
                0x08003810                _fwalk_reent
 .text.__swhatbuf_r
                0x08003864       0x60 d:/clion 2021.1.1/gnu tools arm embedded/5.4 2016q3/bin/../lib/gcc/arm-none-eabi/5.4.1/../../../../arm-none-eabi/lib/armv7e-m\libg.a(lib_a-makebuf.o)
                0x08003864                __swhatbuf_r
 .text.__smakebuf_r
                0x080038c4       0x88 d:/clion 2021.1.1/gnu tools arm embedded/5.4 2016q3/bin/../lib/gcc/arm-none-eabi/5.4.1/../../../../arm-none-eabi/lib/armv7e-m\libg.a(lib_a-makebuf.o)
                0x080038c4                __smakebuf_r
 .text._malloc_r
                0x0800394c      0x570 d:/clion 2021.1.1/gnu tools arm embedded/5.4 2016q3/bin/../lib/gcc/arm-none-eabi/5.4.1/../../../../arm-none-eabi/lib/armv7e-m\libg.a(lib_a-mallocr.o)
                0x0800394c                _malloc_r
 .text.memmove  0x08003ebc       0xc8 d:/clion 2021.1.1/gnu tools arm embedded/5.4 2016q3/bin/../lib/gcc/arm-none-eabi/5.4.1/../../../../arm-none-eabi/lib/armv7e-m\libg.a(lib_a-memmove.o)
                0x08003ebc                memmove
 .text.__malloc_lock
                0x08003f84        0x4 d:/clion 2021.1.1/gnu tools arm embedded/5.4 2016q3/bin/../lib/gcc/arm-none-eabi/5.4.1/../../../../arm-none-eabi/lib/armv7e-m\libg.a(lib_a-mlock.o)
                0x08003f84                __malloc_lock
 .text.__malloc_unlock
                0x08003f88        0x4 d:/clion 2021.1.1/gnu tools arm embedded/5.4 2016q3/bin/../lib/gcc/arm-none-eabi/5.4.1/../../../../arm-none-eabi/lib/armv7e-m\libg.a(lib_a-mlock.o)
                0x08003f88                __malloc_unlock
 .text._realloc_r
                0x08003f8c      0x3e0 d:/clion 2021.1.1/gnu tools arm embedded/5.4 2016q3/bin/../lib/gcc/arm-none-eabi/5.4.1/../../../../arm-none-eabi/lib/armv7e-m\libg.a(lib_a-reallocr.o)
                0x08003f8c                _realloc_r
 .text._sbrk_r  0x0800436c       0x24 d:/clion 2021.1.1/gnu tools arm embedded/5.4 2016q3/bin/../lib/gcc/arm-none-eabi/5.4.1/../../../../arm-none-eabi/lib/armv7e-m\libg.a(lib_a-sbrkr.o)
                0x0800436c                _sbrk_r
 .text.__sread  0x08004390       0x24 d:/clion 2021.1.1/gnu tools arm embedded/5.4 2016q3/bin/../lib/gcc/arm-none-eabi/5.4.1/../../../../arm-none-eabi/lib/armv7e-m\libg.a(lib_a-stdio.o)
                0x08004390                __sread
 .text.__swrite
                0x080043b4       0x3c d:/clion 2021.1.1/gnu tools arm embedded/5.4 2016q3/bin/../lib/gcc/arm-none-eabi/5.4.1/../../../../arm-none-eabi/lib/armv7e-m\libg.a(lib_a-stdio.o)
                0x080043b4                __swrite
 .text.__sseek  0x080043f0       0x20 d:/clion 2021.1.1/gnu tools arm embedded/5.4 2016q3/bin/../lib/gcc/arm-none-eabi/5.4.1/../../../../arm-none-eabi/lib/armv7e-m\libg.a(lib_a-stdio.o)
                0x080043f0                __sseek
 .text.__sclose
                0x08004410        0x8 d:/clion 2021.1.1/gnu tools arm embedded/5.4 2016q3/bin/../lib/gcc/arm-none-eabi/5.4.1/../../../../arm-none-eabi/lib/armv7e-m\libg.a(lib_a-stdio.o)
                0x08004410                __sclose
 .text._write_r
                0x08004418       0x2c d:/clion 2021.1.1/gnu tools arm embedded/5.4 2016q3/bin/../lib/gcc/arm-none-eabi/5.4.1/../../../../arm-none-eabi/lib/armv7e-m\libg.a(lib_a-writer.o)
                0x08004418                _write_r
 .text.__register_exitproc
                0x08004444       0xa4 d:/clion 2021.1.1/gnu tools arm embedded/5.4 2016q3/bin/../lib/gcc/arm-none-eabi/5.4.1/../../../../arm-none-eabi/lib/armv7e-m\libg.a(lib_a-__atexit.o)
                0x08004444                __register_exitproc
 .text._close_r
                0x080044e8       0x24 d:/clion 2021.1.1/gnu tools arm embedded/5.4 2016q3/bin/../lib/gcc/arm-none-eabi/5.4.1/../../../../arm-none-eabi/lib/armv7e-m\libg.a(lib_a-closer.o)
                0x080044e8                _close_r
 .text._fclose_r
                0x0800450c       0x84 d:/clion 2021.1.1/gnu tools arm embedded/5.4 2016q3/bin/../lib/gcc/arm-none-eabi/5.4.1/../../../../arm-none-eabi/lib/armv7e-m\libg.a(lib_a-fclose.o)
                0x0800450c                _fclose_r
 .text._fstat_r
                0x08004590       0x28 d:/clion 2021.1.1/gnu tools arm embedded/5.4 2016q3/bin/../lib/gcc/arm-none-eabi/5.4.1/../../../../arm-none-eabi/lib/armv7e-m\libg.a(lib_a-fstatr.o)
                0x08004590                _fstat_r
 .text._isatty_r
                0x080045b8       0x24 d:/clion 2021.1.1/gnu tools arm embedded/5.4 2016q3/bin/../lib/gcc/arm-none-eabi/5.4.1/../../../../arm-none-eabi/lib/armv7e-m\libg.a(lib_a-isattyr.o)
                0x080045b8                _isatty_r
 .text._lseek_r
                0x080045dc       0x2c d:/clion 2021.1.1/gnu tools arm embedded/5.4 2016q3/bin/../lib/gcc/arm-none-eabi/5.4.1/../../../../arm-none-eabi/lib/armv7e-m\libg.a(lib_a-lseekr.o)
                0x080045dc                _lseek_r
 .text._read_r  0x08004608       0x2c d:/clion 2021.1.1/gnu tools arm embedded/5.4 2016q3/bin/../lib/gcc/arm-none-eabi/5.4.1/../../../../arm-none-eabi/lib/armv7e-m\libg.a(lib_a-readr.o)
                0x08004608                _read_r
 *(.glue_7)
 .glue_7        0x08004634        0x0 linker stubs
 *(.glue_7t)
 .glue_7t       0x08004634        0x0 linker stubs
 *(.eh_frame)
 .eh_frame      0x08004634        0x0 d:/clion 2021.1.1/gnu tools arm embedded/5.4 2016q3/bin/../lib/gcc/arm-none-eabi/5.4.1/armv7e-m/crtbegin.o
 *(.init)
 .init          0x08004634        0x4 d:/clion 2021.1.1/gnu tools arm embedded/5.4 2016q3/bin/../lib/gcc/arm-none-eabi/5.4.1/armv7e-m/crti.o
                0x08004634                _init
 .init          0x08004638        0x8 d:/clion 2021.1.1/gnu tools arm embedded/5.4 2016q3/bin/../lib/gcc/arm-none-eabi/5.4.1/armv7e-m/crtn.o
 *(.fini)
 .fini          0x08004640        0x4 d:/clion 2021.1.1/gnu tools arm embedded/5.4 2016q3/bin/../lib/gcc/arm-none-eabi/5.4.1/armv7e-m/crti.o
                0x08004640                _fini
 .fini          0x08004644        0x8 d:/clion 2021.1.1/gnu tools arm embedded/5.4 2016q3/bin/../lib/gcc/arm-none-eabi/5.4.1/armv7e-m/crtn.o
                0x0800464c                . = ALIGN (0x4)
                0x0800464c                _etext = .

.vfp11_veneer   0x0800464c        0x0
 .vfp11_veneer  0x0800464c        0x0 linker stubs

.v4_bx          0x0800464c        0x0
 .v4_bx         0x0800464c        0x0 linker stubs

.iplt           0x0800464c        0x0
 .iplt          0x0800464c        0x0 d:/clion 2021.1.1/gnu tools arm embedded/5.4 2016q3/bin/../lib/gcc/arm-none-eabi/5.4.1/armv7e-m/crtbegin.o

.rodata         0x0800464c       0x2c
                0x0800464c                . = ALIGN (0x4)
 *(.rodata)
 *(.rodata*)
 .rodata.str1.4
                0x0800464c        0x3 CMakeFiles/STM32F4SPI.elf.dir/Core/Src/main.c.obj
 *fill*         0x0800464f        0x1 
 .rodata.AHBPrescTable
                0x08004650       0x10 CMakeFiles/STM32F4SPI.elf.dir/Core/Src/system_stm32f4xx.c.obj
                0x08004650                AHBPrescTable
 .rodata.APBPrescTable
                0x08004660        0x8 CMakeFiles/STM32F4SPI.elf.dir/Core/Src/system_stm32f4xx.c.obj
                0x08004660                APBPrescTable
 .rodata.flagBitshiftOffset.6564
                0x08004668        0x8 CMakeFiles/STM32F4SPI.elf.dir/Drivers/STM32F4xx_HAL_Driver/Src/stm32f4xx_hal_dma.c.obj
 .rodata._global_impure_ptr
                0x08004670        0x4 d:/clion 2021.1.1/gnu tools arm embedded/5.4 2016q3/bin/../lib/gcc/arm-none-eabi/5.4.1/../../../../arm-none-eabi/lib/armv7e-m\libg.a(lib_a-impure.o)
                0x08004670                _global_impure_ptr
 .rodata.str1.4
                0x08004674        0x4 d:/clion 2021.1.1/gnu tools arm embedded/5.4 2016q3/bin/../lib/gcc/arm-none-eabi/5.4.1/../../../../arm-none-eabi/lib/armv7e-m\libg.a(lib_a-puts.o)
                                  0x2 (size before relaxing)
                0x08004678                . = ALIGN (0x4)

.ARM.extab
 *(.ARM.extab* .gnu.linkonce.armextab.*)

.ARM            0x08004678        0x8
                0x08004678                __exidx_start = .
 *(.ARM.exidx*)
 .ARM.exidx     0x08004678        0x8 d:/clion 2021.1.1/gnu tools arm embedded/5.4 2016q3/bin/../lib/gcc/arm-none-eabi/5.4.1/armv7e-m\libgcc.a(_udivmoddi4.o)
                0x08004680                __exidx_end = .

.rel.dyn        0x08004680        0x0
 .rel.iplt      0x08004680        0x0 d:/clion 2021.1.1/gnu tools arm embedded/5.4 2016q3/bin/../lib/gcc/arm-none-eabi/5.4.1/armv7e-m/crtbegin.o

.preinit_array  0x08004680        0x0
                0x08004680                PROVIDE (__preinit_array_start, .)
 *(.preinit_array*)
                0x08004680                PROVIDE (__preinit_array_end, .)

.init_array     0x08004680        0x8
                0x08004680                PROVIDE (__init_array_start, .)
 *(SORT(.init_array.*))
 .init_array.00000
                0x08004680        0x4 d:/clion 2021.1.1/gnu tools arm embedded/5.4 2016q3/bin/../lib/gcc/arm-none-eabi/5.4.1/../../../../arm-none-eabi/lib/armv7e-m\libg.a(lib_a-__call_atexit.o)
 *(.init_array*)
 .init_array    0x08004684        0x4 d:/clion 2021.1.1/gnu tools arm embedded/5.4 2016q3/bin/../lib/gcc/arm-none-eabi/5.4.1/armv7e-m/crtbegin.o
                0x08004688                PROVIDE (__init_array_end, .)

.fini_array     0x08004688        0x4
                0x08004688                PROVIDE (__fini_array_start, .)
 *(SORT(.fini_array.*))
 *(.fini_array*)
 .fini_array    0x08004688        0x4 d:/clion 2021.1.1/gnu tools arm embedded/5.4 2016q3/bin/../lib/gcc/arm-none-eabi/5.4.1/armv7e-m/crtbegin.o
                0x0800468c                PROVIDE (__fini_array_end, .)
                0x0800468c                _sidata = LOADADDR (.data)

.data           0x20000000      0xc4c load address 0x0800468c
                0x20000000                . = ALIGN (0x4)
                0x20000000                _sdata = .
 *(.data)
 *(.data*)
 .data.BMP1     0x20000000      0x400 CMakeFiles/STM32F4SPI.elf.dir/Core/Src/main.c.obj
                0x20000000                BMP1
 .data.SystemCoreClock
                0x20000400        0x4 CMakeFiles/STM32F4SPI.elf.dir/Core/Src/system_stm32f4xx.c.obj
                0x20000400                SystemCoreClock
 .data.uwTickPrio
                0x20000404        0x4 CMakeFiles/STM32F4SPI.elf.dir/Drivers/STM32F4xx_HAL_Driver/Src/stm32f4xx_hal.c.obj
                0x20000404                uwTickPrio
 .data.uwTickFreq
                0x20000408        0x1 CMakeFiles/STM32F4SPI.elf.dir/Drivers/STM32F4xx_HAL_Driver/Src/stm32f4xx_hal.c.obj
                0x20000408                uwTickFreq
 *fill*         0x20000409        0x7 
 .data.impure_data
                0x20000410      0x428 d:/clion 2021.1.1/gnu tools arm embedded/5.4 2016q3/bin/../lib/gcc/arm-none-eabi/5.4.1/../../../../arm-none-eabi/lib/armv7e-m\libg.a(lib_a-impure.o)
 .data._impure_ptr
                0x20000838        0x4 d:/clion 2021.1.1/gnu tools arm embedded/5.4 2016q3/bin/../lib/gcc/arm-none-eabi/5.4.1/../../../../arm-none-eabi/lib/armv7e-m\libg.a(lib_a-impure.o)
                0x20000838                _impure_ptr
 .data.__malloc_av_
                0x2000083c      0x408 d:/clion 2021.1.1/gnu tools arm embedded/5.4 2016q3/bin/../lib/gcc/arm-none-eabi/5.4.1/../../../../arm-none-eabi/lib/armv7e-m\libg.a(lib_a-mallocr.o)
                0x2000083c                __malloc_av_
 .data.__malloc_trim_threshold
                0x20000c44        0x4 d:/clion 2021.1.1/gnu tools arm embedded/5.4 2016q3/bin/../lib/gcc/arm-none-eabi/5.4.1/../../../../arm-none-eabi/lib/armv7e-m\libg.a(lib_a-mallocr.o)
                0x20000c44                __malloc_trim_threshold
 .data.__malloc_sbrk_base
                0x20000c48        0x4 d:/clion 2021.1.1/gnu tools arm embedded/5.4 2016q3/bin/../lib/gcc/arm-none-eabi/5.4.1/../../../../arm-none-eabi/lib/armv7e-m\libg.a(lib_a-mallocr.o)
                0x20000c48                __malloc_sbrk_base
                0x20000c4c                . = ALIGN (0x4)
                0x20000c4c                _edata = .
                0x080052d8                _siccmram = LOADADDR (.ccmram)

.jcr            0x20000c4c        0x0 load address 0x080052d8
 .jcr           0x20000c4c        0x0 d:/clion 2021.1.1/gnu tools arm embedded/5.4 2016q3/bin/../lib/gcc/arm-none-eabi/5.4.1/armv7e-m/crtbegin.o

.igot.plt       0x20000c4c        0x0 load address 0x080052d8
 .igot.plt      0x20000c4c        0x0 d:/clion 2021.1.1/gnu tools arm embedded/5.4 2016q3/bin/../lib/gcc/arm-none-eabi/5.4.1/armv7e-m/crtbegin.o

.ccmram         0x10000000        0x0 load address 0x080052d8
                0x10000000                . = ALIGN (0x4)
                0x10000000                _sccmram = .
 *(.ccmram)
 *(.ccmram*)
                0x10000000                . = ALIGN (0x4)
                0x10000000                _eccmram = .
                0x10000000                . = ALIGN (0x4)

.bss            0x20000c4c      0xdbc
                0x20000c4c                _sbss = .
                0x20000c4c                __bss_start__ = _sbss
 *(.bss)
 .bss           0x20000c4c       0x1c d:/clion 2021.1.1/gnu tools arm embedded/5.4 2016q3/bin/../lib/gcc/arm-none-eabi/5.4.1/armv7e-m/crtbegin.o
 *(.bss*)
 .bss.OLED_GRAM
                0x20000c68      0x400 CMakeFiles/STM32F4SPI.elf.dir/Core/OLED/OLED.c.obj
                0x20000c68                OLED_GRAM
 .bss.oled_log  0x20001068        0x1 CMakeFiles/STM32F4SPI.elf.dir/Core/Src/main.c.obj
                0x20001068                oled_log
 *fill*         0x20001069        0x3 
 .bss.receive_buff
                0x2000106c      0x400 CMakeFiles/STM32F4SPI.elf.dir/Core/Src/main.c.obj
                0x2000106c                receive_buff
 .bss.oled_buff
                0x2000146c      0x400 CMakeFiles/STM32F4SPI.elf.dir/Core/Src/main.c.obj
                0x2000146c                oled_buff
 .bss.hspi1     0x2000186c       0x58 CMakeFiles/STM32F4SPI.elf.dir/Core/Src/spi.c.obj
                0x2000186c                hspi1
 .bss.hdma_spi1_tx
                0x200018c4       0x60 CMakeFiles/STM32F4SPI.elf.dir/Core/Src/spi.c.obj
                0x200018c4                hdma_spi1_tx
 .bss.heap_end.5927
                0x20001924        0x4 CMakeFiles/STM32F4SPI.elf.dir/Core/Src/syscalls.c.obj
 .bss.hdma_usart1_rx
                0x20001928       0x60 CMakeFiles/STM32F4SPI.elf.dir/Core/Src/usart.c.obj
                0x20001928                hdma_usart1_rx
 .bss.huart1    0x20001988       0x44 CMakeFiles/STM32F4SPI.elf.dir/Core/Src/usart.c.obj
                0x20001988                huart1
 .bss.uwTick    0x200019cc        0x4 CMakeFiles/STM32F4SPI.elf.dir/Drivers/STM32F4xx_HAL_Driver/Src/stm32f4xx_hal.c.obj
                0x200019cc                uwTick
 .bss.__malloc_max_total_mem
                0x200019d0        0x4 d:/clion 2021.1.1/gnu tools arm embedded/5.4 2016q3/bin/../lib/gcc/arm-none-eabi/5.4.1/../../../../arm-none-eabi/lib/armv7e-m\libg.a(lib_a-mallocr.o)
                0x200019d0                __malloc_max_total_mem
 .bss.__malloc_max_sbrked_mem
                0x200019d4        0x4 d:/clion 2021.1.1/gnu tools arm embedded/5.4 2016q3/bin/../lib/gcc/arm-none-eabi/5.4.1/../../../../arm-none-eabi/lib/armv7e-m\libg.a(lib_a-mallocr.o)
                0x200019d4                __malloc_max_sbrked_mem
 .bss.__malloc_top_pad
                0x200019d8        0x4 d:/clion 2021.1.1/gnu tools arm embedded/5.4 2016q3/bin/../lib/gcc/arm-none-eabi/5.4.1/../../../../arm-none-eabi/lib/armv7e-m\libg.a(lib_a-mallocr.o)
                0x200019d8                __malloc_top_pad
 .bss.__malloc_current_mallinfo
                0x200019dc       0x28 d:/clion 2021.1.1/gnu tools arm embedded/5.4 2016q3/bin/../lib/gcc/arm-none-eabi/5.4.1/../../../../arm-none-eabi/lib/armv7e-m\libg.a(lib_a-mallocr.o)
                0x200019dc                __malloc_current_mallinfo
 *(COMMON)
 COMMON         0x20001a04        0x4 d:/clion 2021.1.1/gnu tools arm embedded/5.4 2016q3/bin/../lib/gcc/arm-none-eabi/5.4.1/../../../../arm-none-eabi/lib/armv7e-m\libg.a(lib_a-reent.o)
                0x20001a04                errno
                0x20001a08                . = ALIGN (0x4)
                0x20001a08                _ebss = .
                0x20001a08                __bss_end__ = _ebss

._user_heap_stack
                0x20001a08      0x600
                0x20001a08                . = ALIGN (0x8)
                0x20001a08                PROVIDE (end, .)
                [!provide]                PROVIDE (_end, .)
                0x20001c08                . = (. + _Min_Heap_Size)
 *fill*         0x20001a08      0x200 
                0x20002008                . = (. + _Min_Stack_Size)
 *fill*         0x20001c08      0x400 
                0x20002008                . = ALIGN (0x8)

/DISCARD/
 libc.a(*)
 libm.a(*)
 libgcc.a(*)

.ARM.attributes
                0x00000000       0x2a
 *(.ARM.attributes)
 .ARM.attributes
                0x00000000       0x1e d:/clion 2021.1.1/gnu tools arm embedded/5.4 2016q3/bin/../lib/gcc/arm-none-eabi/5.4.1/armv7e-m/crti.o
 .ARM.attributes
                0x0000001e       0x2e d:/clion 2021.1.1/gnu tools arm embedded/5.4 2016q3/bin/../lib/gcc/arm-none-eabi/5.4.1/armv7e-m/crtbegin.o
 .ARM.attributes
                0x0000004c       0x33 CMakeFiles/STM32F4SPI.elf.dir/Core/OLED/OLED.c.obj
 .ARM.attributes
                0x0000007f       0x33 CMakeFiles/STM32F4SPI.elf.dir/Core/Src/dma.c.obj
 .ARM.attributes
                0x000000b2       0x33 CMakeFiles/STM32F4SPI.elf.dir/Core/Src/gpio.c.obj
 .ARM.attributes
                0x000000e5       0x33 CMakeFiles/STM32F4SPI.elf.dir/Core/Src/main.c.obj
 .ARM.attributes
                0x00000118       0x33 CMakeFiles/STM32F4SPI.elf.dir/Core/Src/spi.c.obj
 .ARM.attributes
                0x0000014b       0x33 CMakeFiles/STM32F4SPI.elf.dir/Core/Src/stm32f4xx_hal_msp.c.obj
 .ARM.attributes
                0x0000017e       0x33 CMakeFiles/STM32F4SPI.elf.dir/Core/Src/stm32f4xx_it.c.obj
 .ARM.attributes
                0x000001b1       0x33 CMakeFiles/STM32F4SPI.elf.dir/Core/Src/syscalls.c.obj
 .ARM.attributes
                0x000001e4       0x33 CMakeFiles/STM32F4SPI.elf.dir/Core/Src/system_stm32f4xx.c.obj
 .ARM.attributes
                0x00000217       0x33 CMakeFiles/STM32F4SPI.elf.dir/Core/Src/usart.c.obj
 .ARM.attributes
                0x0000024a       0x33 CMakeFiles/STM32F4SPI.elf.dir/Drivers/STM32F4xx_HAL_Driver/Src/stm32f4xx_hal.c.obj
 .ARM.attributes
                0x0000027d       0x33 CMakeFiles/STM32F4SPI.elf.dir/Drivers/STM32F4xx_HAL_Driver/Src/stm32f4xx_hal_cortex.c.obj
 .ARM.attributes
                0x000002b0       0x33 CMakeFiles/STM32F4SPI.elf.dir/Drivers/STM32F4xx_HAL_Driver/Src/stm32f4xx_hal_dma.c.obj
 .ARM.attributes
                0x000002e3       0x33 CMakeFiles/STM32F4SPI.elf.dir/Drivers/STM32F4xx_HAL_Driver/Src/stm32f4xx_hal_gpio.c.obj
 .ARM.attributes
                0x00000316       0x33 CMakeFiles/STM32F4SPI.elf.dir/Drivers/STM32F4xx_HAL_Driver/Src/stm32f4xx_hal_rcc.c.obj
 .ARM.attributes
                0x00000349       0x33 CMakeFiles/STM32F4SPI.elf.dir/Drivers/STM32F4xx_HAL_Driver/Src/stm32f4xx_hal_spi.c.obj
 .ARM.attributes
                0x0000037c       0x33 CMakeFiles/STM32F4SPI.elf.dir/Drivers/STM32F4xx_HAL_Driver/Src/stm32f4xx_hal_uart.c.obj
 .ARM.attributes
                0x000003af       0x21 CMakeFiles/STM32F4SPI.elf.dir/startup/startup_stm32f407xx.s.obj
 .ARM.attributes
                0x000003d0       0x1e d:/clion 2021.1.1/gnu tools arm embedded/5.4 2016q3/bin/../lib/gcc/arm-none-eabi/5.4.1/armv7e-m\libgcc.a(_aeabi_uldivmod.o)
 .ARM.attributes
                0x000003ee       0x2e d:/clion 2021.1.1/gnu tools arm embedded/5.4 2016q3/bin/../lib/gcc/arm-none-eabi/5.4.1/armv7e-m\libgcc.a(_udivmoddi4.o)
 .ARM.attributes
                0x0000041c       0x1e d:/clion 2021.1.1/gnu tools arm embedded/5.4 2016q3/bin/../lib/gcc/arm-none-eabi/5.4.1/armv7e-m\libgcc.a(_dvmd_tls.o)
 .ARM.attributes
                0x0000043a       0x2e d:/clion 2021.1.1/gnu tools arm embedded/5.4 2016q3/bin/../lib/gcc/arm-none-eabi/5.4.1/../../../../arm-none-eabi/lib/armv7e-m\libg.a(lib_a-errno.o)
 .ARM.attributes
                0x00000468       0x2e d:/clion 2021.1.1/gnu tools arm embedded/5.4 2016q3/bin/../lib/gcc/arm-none-eabi/5.4.1/../../../../arm-none-eabi/lib/armv7e-m\libg.a(lib_a-impure.o)
 .ARM.attributes
                0x00000496       0x2e d:/clion 2021.1.1/gnu tools arm embedded/5.4 2016q3/bin/../lib/gcc/arm-none-eabi/5.4.1/../../../../arm-none-eabi/lib/armv7e-m\libg.a(lib_a-init.o)
 .ARM.attributes
                0x000004c4       0x1c d:/clion 2021.1.1/gnu tools arm embedded/5.4 2016q3/bin/../lib/gcc/arm-none-eabi/5.4.1/../../../../arm-none-eabi/lib/armv7e-m\libg.a(lib_a-memcpy.o)
 .ARM.attributes
                0x000004e0       0x2e d:/clion 2021.1.1/gnu tools arm embedded/5.4 2016q3/bin/../lib/gcc/arm-none-eabi/5.4.1/../../../../arm-none-eabi/lib/armv7e-m\libg.a(lib_a-memset.o)
 .ARM.attributes
                0x0000050e       0x2e d:/clion 2021.1.1/gnu tools arm embedded/5.4 2016q3/bin/../lib/gcc/arm-none-eabi/5.4.1/../../../../arm-none-eabi/lib/armv7e-m\libg.a(lib_a-puts.o)
 .ARM.attributes
                0x0000053c       0x1c d:/clion 2021.1.1/gnu tools arm embedded/5.4 2016q3/bin/../lib/gcc/arm-none-eabi/5.4.1/../../../../arm-none-eabi/lib/armv7e-m\libg.a(lib_a-strlen.o)
 .ARM.attributes
                0x00000558       0x2e d:/clion 2021.1.1/gnu tools arm embedded/5.4 2016q3/bin/../lib/gcc/arm-none-eabi/5.4.1/../../../../arm-none-eabi/lib/armv7e-m\libg.a(lib_a-wsetup.o)
 .ARM.attributes
                0x00000586       0x2e d:/clion 2021.1.1/gnu tools arm embedded/5.4 2016q3/bin/../lib/gcc/arm-none-eabi/5.4.1/../../../../arm-none-eabi/lib/armv7e-m\libg.a(lib_a-__call_atexit.o)
 .ARM.attributes
                0x000005b4       0x2e d:/clion 2021.1.1/gnu tools arm embedded/5.4 2016q3/bin/../lib/gcc/arm-none-eabi/5.4.1/../../../../arm-none-eabi/lib/armv7e-m\libg.a(lib_a-atexit.o)
 .ARM.attributes
                0x000005e2       0x2e d:/clion 2021.1.1/gnu tools arm embedded/5.4 2016q3/bin/../lib/gcc/arm-none-eabi/5.4.1/../../../../arm-none-eabi/lib/armv7e-m\libg.a(lib_a-fflush.o)
 .ARM.attributes
                0x00000610       0x2e d:/clion 2021.1.1/gnu tools arm embedded/5.4 2016q3/bin/../lib/gcc/arm-none-eabi/5.4.1/../../../../arm-none-eabi/lib/armv7e-m\libg.a(lib_a-findfp.o)
 .ARM.attributes
                0x0000063e       0x2e d:/clion 2021.1.1/gnu tools arm embedded/5.4 2016q3/bin/../lib/gcc/arm-none-eabi/5.4.1/../../../../arm-none-eabi/lib/armv7e-m\libg.a(lib_a-fini.o)
 .ARM.attributes
                0x0000066c       0x2e d:/clion 2021.1.1/gnu tools arm embedded/5.4 2016q3/bin/../lib/gcc/arm-none-eabi/5.4.1/../../../../arm-none-eabi/lib/armv7e-m\libg.a(lib_a-freer.o)
 .ARM.attributes
                0x0000069a       0x2e d:/clion 2021.1.1/gnu tools arm embedded/5.4 2016q3/bin/../lib/gcc/arm-none-eabi/5.4.1/../../../../arm-none-eabi/lib/armv7e-m\libg.a(lib_a-fvwrite.o)
 .ARM.attributes
                0x000006c8       0x2e d:/clion 2021.1.1/gnu tools arm embedded/5.4 2016q3/bin/../lib/gcc/arm-none-eabi/5.4.1/../../../../arm-none-eabi/lib/armv7e-m\libg.a(lib_a-fwalk.o)
 .ARM.attributes
                0x000006f6       0x2e d:/clion 2021.1.1/gnu tools arm embedded/5.4 2016q3/bin/../lib/gcc/arm-none-eabi/5.4.1/../../../../arm-none-eabi/lib/armv7e-m\libg.a(lib_a-makebuf.o)
 .ARM.attributes
                0x00000724       0x2e d:/clion 2021.1.1/gnu tools arm embedded/5.4 2016q3/bin/../lib/gcc/arm-none-eabi/5.4.1/../../../../arm-none-eabi/lib/armv7e-m\libg.a(lib_a-mallocr.o)
 .ARM.attributes
                0x00000752       0x1c d:/clion 2021.1.1/gnu tools arm embedded/5.4 2016q3/bin/../lib/gcc/arm-none-eabi/5.4.1/../../../../arm-none-eabi/lib/armv7e-m\libg.a(lib_a-memchr.o)
 .ARM.attributes
                0x0000076e       0x2e d:/clion 2021.1.1/gnu tools arm embedded/5.4 2016q3/bin/../lib/gcc/arm-none-eabi/5.4.1/../../../../arm-none-eabi/lib/armv7e-m\libg.a(lib_a-memmove.o)
 .ARM.attributes
                0x0000079c       0x2e d:/clion 2021.1.1/gnu tools arm embedded/5.4 2016q3/bin/../lib/gcc/arm-none-eabi/5.4.1/../../../../arm-none-eabi/lib/armv7e-m\libg.a(lib_a-mlock.o)
 .ARM.attributes
                0x000007ca       0x2e d:/clion 2021.1.1/gnu tools arm embedded/5.4 2016q3/bin/../lib/gcc/arm-none-eabi/5.4.1/../../../../arm-none-eabi/lib/armv7e-m\libg.a(lib_a-reallocr.o)
 .ARM.attributes
                0x000007f8       0x2e d:/clion 2021.1.1/gnu tools arm embedded/5.4 2016q3/bin/../lib/gcc/arm-none-eabi/5.4.1/../../../../arm-none-eabi/lib/armv7e-m\libg.a(lib_a-sbrkr.o)
 .ARM.attributes
                0x00000826       0x2e d:/clion 2021.1.1/gnu tools arm embedded/5.4 2016q3/bin/../lib/gcc/arm-none-eabi/5.4.1/../../../../arm-none-eabi/lib/armv7e-m\libg.a(lib_a-stdio.o)
 .ARM.attributes
                0x00000854       0x2e d:/clion 2021.1.1/gnu tools arm embedded/5.4 2016q3/bin/../lib/gcc/arm-none-eabi/5.4.1/../../../../arm-none-eabi/lib/armv7e-m\libg.a(lib_a-writer.o)
 .ARM.attributes
                0x00000882       0x2e d:/clion 2021.1.1/gnu tools arm embedded/5.4 2016q3/bin/../lib/gcc/arm-none-eabi/5.4.1/../../../../arm-none-eabi/lib/armv7e-m\libg.a(lib_a-__atexit.o)
 .ARM.attributes
                0x000008b0       0x2e d:/clion 2021.1.1/gnu tools arm embedded/5.4 2016q3/bin/../lib/gcc/arm-none-eabi/5.4.1/../../../../arm-none-eabi/lib/armv7e-m\libg.a(lib_a-closer.o)
 .ARM.attributes
                0x000008de       0x2e d:/clion 2021.1.1/gnu tools arm embedded/5.4 2016q3/bin/../lib/gcc/arm-none-eabi/5.4.1/../../../../arm-none-eabi/lib/armv7e-m\libg.a(lib_a-fclose.o)
 .ARM.attributes
                0x0000090c       0x2e d:/clion 2021.1.1/gnu tools arm embedded/5.4 2016q3/bin/../lib/gcc/arm-none-eabi/5.4.1/../../../../arm-none-eabi/lib/armv7e-m\libg.a(lib_a-fstatr.o)
 .ARM.attributes
                0x0000093a       0x2e d:/clion 2021.1.1/gnu tools arm embedded/5.4 2016q3/bin/../lib/gcc/arm-none-eabi/5.4.1/../../../../arm-none-eabi/lib/armv7e-m\libg.a(lib_a-isattyr.o)
 .ARM.attributes
                0x00000968       0x2e d:/clion 2021.1.1/gnu tools arm embedded/5.4 2016q3/bin/../lib/gcc/arm-none-eabi/5.4.1/../../../../arm-none-eabi/lib/armv7e-m\libg.a(lib_a-lseekr.o)
 .ARM.attributes
                0x00000996       0x2e d:/clion 2021.1.1/gnu tools arm embedded/5.4 2016q3/bin/../lib/gcc/arm-none-eabi/5.4.1/../../../../arm-none-eabi/lib/armv7e-m\libg.a(lib_a-readr.o)
 .ARM.attributes
                0x000009c4       0x2e d:/clion 2021.1.1/gnu tools arm embedded/5.4 2016q3/bin/../lib/gcc/arm-none-eabi/5.4.1/../../../../arm-none-eabi/lib/armv7e-m\libg.a(lib_a-reent.o)
 .ARM.attributes
                0x000009f2       0x1e d:/clion 2021.1.1/gnu tools arm embedded/5.4 2016q3/bin/../lib/gcc/arm-none-eabi/5.4.1/armv7e-m/crtn.o
OUTPUT(STM32F4SPI.elf elf32-littlearm)

.debug_info     0x00000000     0xc6c0
 .debug_info    0x00000000     0x16a9 CMakeFiles/STM32F4SPI.elf.dir/Core/OLED/OLED.c.obj
 .debug_info    0x000016a9      0x534 CMakeFiles/STM32F4SPI.elf.dir/Core/Src/dma.c.obj
 .debug_info    0x00001bdd      0x49b CMakeFiles/STM32F4SPI.elf.dir/Core/Src/gpio.c.obj
 .debug_info    0x00002078      0xf32 CMakeFiles/STM32F4SPI.elf.dir/Core/Src/main.c.obj
 .debug_info    0x00002faa      0xa04 CMakeFiles/STM32F4SPI.elf.dir/Core/Src/spi.c.obj
 .debug_info    0x000039ae      0x2ad CMakeFiles/STM32F4SPI.elf.dir/Core/Src/stm32f4xx_hal_msp.c.obj
 .debug_info    0x00003c5b      0x88d CMakeFiles/STM32F4SPI.elf.dir/Core/Src/stm32f4xx_it.c.obj
 .debug_info    0x000044e8      0x76b CMakeFiles/STM32F4SPI.elf.dir/Core/Src/syscalls.c.obj
 .debug_info    0x00004c53      0x34d CMakeFiles/STM32F4SPI.elf.dir/Core/Src/system_stm32f4xx.c.obj
 .debug_info    0x00004fa0      0xc88 CMakeFiles/STM32F4SPI.elf.dir/Core/Src/usart.c.obj
 .debug_info    0x00005c28      0x97c CMakeFiles/STM32F4SPI.elf.dir/Drivers/STM32F4xx_HAL_Driver/Src/stm32f4xx_hal.c.obj
 .debug_info    0x000065a4      0xf05 CMakeFiles/STM32F4SPI.elf.dir/Drivers/STM32F4xx_HAL_Driver/Src/stm32f4xx_hal_cortex.c.obj
 .debug_info    0x000074a9      0xa51 CMakeFiles/STM32F4SPI.elf.dir/Drivers/STM32F4xx_HAL_Driver/Src/stm32f4xx_hal_dma.c.obj
 .debug_info    0x00007efa      0x728 CMakeFiles/STM32F4SPI.elf.dir/Drivers/STM32F4xx_HAL_Driver/Src/stm32f4xx_hal_gpio.c.obj
 .debug_info    0x00008622      0xa49 CMakeFiles/STM32F4SPI.elf.dir/Drivers/STM32F4xx_HAL_Driver/Src/stm32f4xx_hal_rcc.c.obj
 .debug_info    0x0000906b     0x1bed CMakeFiles/STM32F4SPI.elf.dir/Drivers/STM32F4xx_HAL_Driver/Src/stm32f4xx_hal_spi.c.obj
 .debug_info    0x0000ac58     0x19d6 CMakeFiles/STM32F4SPI.elf.dir/Drivers/STM32F4xx_HAL_Driver/Src/stm32f4xx_hal_uart.c.obj
 .debug_info    0x0000c62e       0x92 CMakeFiles/STM32F4SPI.elf.dir/startup/startup_stm32f407xx.s.obj

.debug_abbrev   0x00000000     0x212f
 .debug_abbrev  0x00000000      0x2da CMakeFiles/STM32F4SPI.elf.dir/Core/OLED/OLED.c.obj
 .debug_abbrev  0x000002da      0x121 CMakeFiles/STM32F4SPI.elf.dir/Core/Src/dma.c.obj
 .debug_abbrev  0x000003fb      0x143 CMakeFiles/STM32F4SPI.elf.dir/Core/Src/gpio.c.obj
 .debug_abbrev  0x0000053e      0x25c CMakeFiles/STM32F4SPI.elf.dir/Core/Src/main.c.obj
 .debug_abbrev  0x0000079a      0x1a3 CMakeFiles/STM32F4SPI.elf.dir/Core/Src/spi.c.obj
 .debug_abbrev  0x0000093d       0xd4 CMakeFiles/STM32F4SPI.elf.dir/Core/Src/stm32f4xx_hal_msp.c.obj
 .debug_abbrev  0x00000a11      0x24d CMakeFiles/STM32F4SPI.elf.dir/Core/Src/stm32f4xx_it.c.obj
 .debug_abbrev  0x00000c5e      0x19e CMakeFiles/STM32F4SPI.elf.dir/Core/Src/syscalls.c.obj
 .debug_abbrev  0x00000dfc       0xff CMakeFiles/STM32F4SPI.elf.dir/Core/Src/system_stm32f4xx.c.obj
 .debug_abbrev  0x00000efb      0x1e4 CMakeFiles/STM32F4SPI.elf.dir/Core/Src/usart.c.obj
 .debug_abbrev  0x000010df      0x1ea CMakeFiles/STM32F4SPI.elf.dir/Drivers/STM32F4xx_HAL_Driver/Src/stm32f4xx_hal.c.obj
 .debug_abbrev  0x000012c9      0x2f9 CMakeFiles/STM32F4SPI.elf.dir/Drivers/STM32F4xx_HAL_Driver/Src/stm32f4xx_hal_cortex.c.obj
 .debug_abbrev  0x000015c2      0x289 CMakeFiles/STM32F4SPI.elf.dir/Drivers/STM32F4xx_HAL_Driver/Src/stm32f4xx_hal_dma.c.obj
 .debug_abbrev  0x0000184b      0x1d7 CMakeFiles/STM32F4SPI.elf.dir/Drivers/STM32F4xx_HAL_Driver/Src/stm32f4xx_hal_gpio.c.obj
 .debug_abbrev  0x00001a22      0x26c CMakeFiles/STM32F4SPI.elf.dir/Drivers/STM32F4xx_HAL_Driver/Src/stm32f4xx_hal_rcc.c.obj
 .debug_abbrev  0x00001c8e      0x229 CMakeFiles/STM32F4SPI.elf.dir/Drivers/STM32F4xx_HAL_Driver/Src/stm32f4xx_hal_spi.c.obj
 .debug_abbrev  0x00001eb7      0x266 CMakeFiles/STM32F4SPI.elf.dir/Drivers/STM32F4xx_HAL_Driver/Src/stm32f4xx_hal_uart.c.obj
 .debug_abbrev  0x0000211d       0x12 CMakeFiles/STM32F4SPI.elf.dir/startup/startup_stm32f407xx.s.obj

.debug_loc      0x00000000     0x5e0d
 .debug_loc     0x00000000      0xe50 CMakeFiles/STM32F4SPI.elf.dir/Core/OLED/OLED.c.obj
 .debug_loc     0x00000e50       0x34 CMakeFiles/STM32F4SPI.elf.dir/Core/Src/main.c.obj
 .debug_loc     0x00000e84       0x55 CMakeFiles/STM32F4SPI.elf.dir/Core/Src/spi.c.obj
 .debug_loc     0x00000ed9       0x8c CMakeFiles/STM32F4SPI.elf.dir/Core/Src/stm32f4xx_it.c.obj
 .debug_loc     0x00000f65      0x3a2 CMakeFiles/STM32F4SPI.elf.dir/Core/Src/syscalls.c.obj
 .debug_loc     0x00001307      0x132 CMakeFiles/STM32F4SPI.elf.dir/Core/Src/system_stm32f4xx.c.obj
 .debug_loc     0x00001439       0x8c CMakeFiles/STM32F4SPI.elf.dir/Core/Src/usart.c.obj
 .debug_loc     0x000014c5      0x11b CMakeFiles/STM32F4SPI.elf.dir/Drivers/STM32F4xx_HAL_Driver/Src/stm32f4xx_hal.c.obj
 .debug_loc     0x000015e0      0x548 CMakeFiles/STM32F4SPI.elf.dir/Drivers/STM32F4xx_HAL_Driver/Src/stm32f4xx_hal_cortex.c.obj
 .debug_loc     0x00001b28      0x9dc CMakeFiles/STM32F4SPI.elf.dir/Drivers/STM32F4xx_HAL_Driver/Src/stm32f4xx_hal_dma.c.obj
 .debug_loc     0x00002504      0x371 CMakeFiles/STM32F4SPI.elf.dir/Drivers/STM32F4xx_HAL_Driver/Src/stm32f4xx_hal_gpio.c.obj
 .debug_loc     0x00002875      0x4c3 CMakeFiles/STM32F4SPI.elf.dir/Drivers/STM32F4xx_HAL_Driver/Src/stm32f4xx_hal_rcc.c.obj
 .debug_loc     0x00002d38     0x18e9 CMakeFiles/STM32F4SPI.elf.dir/Drivers/STM32F4xx_HAL_Driver/Src/stm32f4xx_hal_spi.c.obj
 .debug_loc     0x00004621     0x17ec CMakeFiles/STM32F4SPI.elf.dir/Drivers/STM32F4xx_HAL_Driver/Src/stm32f4xx_hal_uart.c.obj

.debug_aranges  0x00000000      0xa08
 .debug_aranges
                0x00000000       0xa8 CMakeFiles/STM32F4SPI.elf.dir/Core/OLED/OLED.c.obj
 .debug_aranges
                0x000000a8       0x20 CMakeFiles/STM32F4SPI.elf.dir/Core/Src/dma.c.obj
 .debug_aranges
                0x000000c8       0x20 CMakeFiles/STM32F4SPI.elf.dir/Core/Src/gpio.c.obj
 .debug_aranges
                0x000000e8       0x38 CMakeFiles/STM32F4SPI.elf.dir/Core/Src/main.c.obj
 .debug_aranges
                0x00000120       0x30 CMakeFiles/STM32F4SPI.elf.dir/Core/Src/spi.c.obj
 .debug_aranges
                0x00000150       0x20 CMakeFiles/STM32F4SPI.elf.dir/Core/Src/stm32f4xx_hal_msp.c.obj
 .debug_aranges
                0x00000170       0x88 CMakeFiles/STM32F4SPI.elf.dir/Core/Src/stm32f4xx_it.c.obj
 .debug_aranges
                0x000001f8       0xb0 CMakeFiles/STM32F4SPI.elf.dir/Core/Src/syscalls.c.obj
 .debug_aranges
                0x000002a8       0x28 CMakeFiles/STM32F4SPI.elf.dir/Core/Src/system_stm32f4xx.c.obj
 .debug_aranges
                0x000002d0       0x38 CMakeFiles/STM32F4SPI.elf.dir/Core/Src/usart.c.obj
 .debug_aranges
                0x00000308       0xf0 CMakeFiles/STM32F4SPI.elf.dir/Drivers/STM32F4xx_HAL_Driver/Src/stm32f4xx_hal.c.obj
 .debug_aranges
                0x000003f8       0xa8 CMakeFiles/STM32F4SPI.elf.dir/Drivers/STM32F4xx_HAL_Driver/Src/stm32f4xx_hal_cortex.c.obj
 .debug_aranges
                0x000004a0       0x90 CMakeFiles/STM32F4SPI.elf.dir/Drivers/STM32F4xx_HAL_Driver/Src/stm32f4xx_hal_dma.c.obj
 .debug_aranges
                0x00000530       0x58 CMakeFiles/STM32F4SPI.elf.dir/Drivers/STM32F4xx_HAL_Driver/Src/stm32f4xx_hal_gpio.c.obj
 .debug_aranges
                0x00000588       0x88 CMakeFiles/STM32F4SPI.elf.dir/Drivers/STM32F4xx_HAL_Driver/Src/stm32f4xx_hal_rcc.c.obj
 .debug_aranges
                0x00000610      0x1d0 CMakeFiles/STM32F4SPI.elf.dir/Drivers/STM32F4xx_HAL_Driver/Src/stm32f4xx_hal_spi.c.obj
 .debug_aranges
                0x000007e0      0x200 CMakeFiles/STM32F4SPI.elf.dir/Drivers/STM32F4xx_HAL_Driver/Src/stm32f4xx_hal_uart.c.obj
 .debug_aranges
                0x000009e0       0x28 CMakeFiles/STM32F4SPI.elf.dir/startup/startup_stm32f407xx.s.obj

.debug_ranges   0x00000000      0x908
 .debug_ranges  0x00000000       0x98 CMakeFiles/STM32F4SPI.elf.dir/Core/OLED/OLED.c.obj
 .debug_ranges  0x00000098       0x10 CMakeFiles/STM32F4SPI.elf.dir/Core/Src/dma.c.obj
 .debug_ranges  0x000000a8       0x10 CMakeFiles/STM32F4SPI.elf.dir/Core/Src/gpio.c.obj
 .debug_ranges  0x000000b8       0x28 CMakeFiles/STM32F4SPI.elf.dir/Core/Src/main.c.obj
 .debug_ranges  0x000000e0       0x20 CMakeFiles/STM32F4SPI.elf.dir/Core/Src/spi.c.obj
 .debug_ranges  0x00000100       0x10 CMakeFiles/STM32F4SPI.elf.dir/Core/Src/stm32f4xx_hal_msp.c.obj
 .debug_ranges  0x00000110       0x78 CMakeFiles/STM32F4SPI.elf.dir/Core/Src/stm32f4xx_it.c.obj
 .debug_ranges  0x00000188       0xa0 CMakeFiles/STM32F4SPI.elf.dir/Core/Src/syscalls.c.obj
 .debug_ranges  0x00000228       0x18 CMakeFiles/STM32F4SPI.elf.dir/Core/Src/system_stm32f4xx.c.obj
 .debug_ranges  0x00000240       0x28 CMakeFiles/STM32F4SPI.elf.dir/Core/Src/usart.c.obj
 .debug_ranges  0x00000268       0xe0 CMakeFiles/STM32F4SPI.elf.dir/Drivers/STM32F4xx_HAL_Driver/Src/stm32f4xx_hal.c.obj
 .debug_ranges  0x00000348       0x98 CMakeFiles/STM32F4SPI.elf.dir/Drivers/STM32F4xx_HAL_Driver/Src/stm32f4xx_hal_cortex.c.obj
 .debug_ranges  0x000003e0       0x80 CMakeFiles/STM32F4SPI.elf.dir/Drivers/STM32F4xx_HAL_Driver/Src/stm32f4xx_hal_dma.c.obj
 .debug_ranges  0x00000460       0x48 CMakeFiles/STM32F4SPI.elf.dir/Drivers/STM32F4xx_HAL_Driver/Src/stm32f4xx_hal_gpio.c.obj
 .debug_ranges  0x000004a8       0x90 CMakeFiles/STM32F4SPI.elf.dir/Drivers/STM32F4xx_HAL_Driver/Src/stm32f4xx_hal_rcc.c.obj
 .debug_ranges  0x00000538      0x1c0 CMakeFiles/STM32F4SPI.elf.dir/Drivers/STM32F4xx_HAL_Driver/Src/stm32f4xx_hal_spi.c.obj
 .debug_ranges  0x000006f8      0x1f0 CMakeFiles/STM32F4SPI.elf.dir/Drivers/STM32F4xx_HAL_Driver/Src/stm32f4xx_hal_uart.c.obj
 .debug_ranges  0x000008e8       0x20 CMakeFiles/STM32F4SPI.elf.dir/startup/startup_stm32f407xx.s.obj

.debug_line     0x00000000     0x4f39
 .debug_line    0x00000000      0x603 CMakeFiles/STM32F4SPI.elf.dir/Core/OLED/OLED.c.obj
 .debug_line    0x00000603      0x21b CMakeFiles/STM32F4SPI.elf.dir/Core/Src/dma.c.obj
 .debug_line    0x0000081e      0x226 CMakeFiles/STM32F4SPI.elf.dir/Core/Src/gpio.c.obj
 .debug_line    0x00000a44      0x3b3 CMakeFiles/STM32F4SPI.elf.dir/Core/Src/main.c.obj
 .debug_line    0x00000df7      0x2db CMakeFiles/STM32F4SPI.elf.dir/Core/Src/spi.c.obj
 .debug_line    0x000010d2      0x1cd CMakeFiles/STM32F4SPI.elf.dir/Core/Src/stm32f4xx_hal_msp.c.obj
 .debug_line    0x0000129f      0x3b5 CMakeFiles/STM32F4SPI.elf.dir/Core/Src/stm32f4xx_it.c.obj
 .debug_line    0x00001654      0x2c8 CMakeFiles/STM32F4SPI.elf.dir/Core/Src/syscalls.c.obj
 .debug_line    0x0000191c      0x1ea CMakeFiles/STM32F4SPI.elf.dir/Core/Src/system_stm32f4xx.c.obj
 .debug_line    0x00001b06      0x303 CMakeFiles/STM32F4SPI.elf.dir/Core/Src/usart.c.obj
 .debug_line    0x00001e09      0x472 CMakeFiles/STM32F4SPI.elf.dir/Drivers/STM32F4xx_HAL_Driver/Src/stm32f4xx_hal.c.obj
 .debug_line    0x0000227b      0x45f CMakeFiles/STM32F4SPI.elf.dir/Drivers/STM32F4xx_HAL_Driver/Src/stm32f4xx_hal_cortex.c.obj
 .debug_line    0x000026da      0x581 CMakeFiles/STM32F4SPI.elf.dir/Drivers/STM32F4xx_HAL_Driver/Src/stm32f4xx_hal_dma.c.obj
 .debug_line    0x00002c5b      0x3be CMakeFiles/STM32F4SPI.elf.dir/Drivers/STM32F4xx_HAL_Driver/Src/stm32f4xx_hal_gpio.c.obj
 .debug_line    0x00003019      0x54b CMakeFiles/STM32F4SPI.elf.dir/Drivers/STM32F4xx_HAL_Driver/Src/stm32f4xx_hal_rcc.c.obj
 .debug_line    0x00003564      0xc73 CMakeFiles/STM32F4SPI.elf.dir/Drivers/STM32F4xx_HAL_Driver/Src/stm32f4xx_hal_spi.c.obj
 .debug_line    0x000041d7      0xcc5 CMakeFiles/STM32F4SPI.elf.dir/Drivers/STM32F4xx_HAL_Driver/Src/stm32f4xx_hal_uart.c.obj
 .debug_line    0x00004e9c       0x9d CMakeFiles/STM32F4SPI.elf.dir/startup/startup_stm32f407xx.s.obj

.debug_str      0x00000000     0x315a
 .debug_str     0x00000000      0x7bc CMakeFiles/STM32F4SPI.elf.dir/Core/OLED/OLED.c.obj
                                0x86d (size before relaxing)
 .debug_str     0x000007bc      0x64e CMakeFiles/STM32F4SPI.elf.dir/Core/Src/dma.c.obj
                                0x7ea (size before relaxing)
 .debug_str     0x00000e0a       0x80 CMakeFiles/STM32F4SPI.elf.dir/Core/Src/gpio.c.obj
                                0x393 (size before relaxing)
 .debug_str     0x00000e8a      0x440 CMakeFiles/STM32F4SPI.elf.dir/Core/Src/main.c.obj
                                0xbcb (size before relaxing)
 .debug_str     0x000012ca       0xa0 CMakeFiles/STM32F4SPI.elf.dir/Core/Src/spi.c.obj
                                0x845 (size before relaxing)
 .debug_str     0x0000136a       0x48 CMakeFiles/STM32F4SPI.elf.dir/Core/Src/stm32f4xx_hal_msp.c.obj
                                0x2e2 (size before relaxing)
 .debug_str     0x000013b2      0x176 CMakeFiles/STM32F4SPI.elf.dir/Core/Src/stm32f4xx_it.c.obj
                                0x831 (size before relaxing)
 .debug_str     0x00001528      0x258 CMakeFiles/STM32F4SPI.elf.dir/Core/Src/syscalls.c.obj
                                0x45f (size before relaxing)
 .debug_str     0x00001780       0xa3 CMakeFiles/STM32F4SPI.elf.dir/Core/Src/system_stm32f4xx.c.obj
                                0x348 (size before relaxing)
 .debug_str     0x00001823       0x81 CMakeFiles/STM32F4SPI.elf.dir/Core/Src/usart.c.obj
                                0xdcd (size before relaxing)
 .debug_str     0x000018a4      0x364 CMakeFiles/STM32F4SPI.elf.dir/Drivers/STM32F4xx_HAL_Driver/Src/stm32f4xx_hal.c.obj
                                0xb81 (size before relaxing)
 .debug_str     0x00001c08      0x49d CMakeFiles/STM32F4SPI.elf.dir/Drivers/STM32F4xx_HAL_Driver/Src/stm32f4xx_hal_cortex.c.obj
                                0xc41 (size before relaxing)
 .debug_str     0x000020a5      0x2f8 CMakeFiles/STM32F4SPI.elf.dir/Drivers/STM32F4xx_HAL_Driver/Src/stm32f4xx_hal_dma.c.obj
                                0x79d (size before relaxing)
 .debug_str     0x0000239d      0x13f CMakeFiles/STM32F4SPI.elf.dir/Drivers/STM32F4xx_HAL_Driver/Src/stm32f4xx_hal_gpio.c.obj
                                0x507 (size before relaxing)
 .debug_str     0x000024dc      0x1af CMakeFiles/STM32F4SPI.elf.dir/Drivers/STM32F4xx_HAL_Driver/Src/stm32f4xx_hal_rcc.c.obj
                                0x71c (size before relaxing)
 .debug_str     0x0000268b      0x529 CMakeFiles/STM32F4SPI.elf.dir/Drivers/STM32F4xx_HAL_Driver/Src/stm32f4xx_hal_spi.c.obj
                                0xc21 (size before relaxing)
 .debug_str     0x00002bb4      0x5a6 CMakeFiles/STM32F4SPI.elf.dir/Drivers/STM32F4xx_HAL_Driver/Src/stm32f4xx_hal_uart.c.obj
                                0xd4b (size before relaxing)

.comment        0x00000000       0x6e
 .comment       0x00000000       0x6e CMakeFiles/STM32F4SPI.elf.dir/Core/OLED/OLED.c.obj
                                 0x6f (size before relaxing)
 .comment       0x0000006e       0x6f CMakeFiles/STM32F4SPI.elf.dir/Core/Src/dma.c.obj
 .comment       0x0000006e       0x6f CMakeFiles/STM32F4SPI.elf.dir/Core/Src/gpio.c.obj
 .comment       0x0000006e       0x6f CMakeFiles/STM32F4SPI.elf.dir/Core/Src/main.c.obj
 .comment       0x0000006e       0x6f CMakeFiles/STM32F4SPI.elf.dir/Core/Src/spi.c.obj
 .comment       0x0000006e       0x6f CMakeFiles/STM32F4SPI.elf.dir/Core/Src/stm32f4xx_hal_msp.c.obj
 .comment       0x0000006e       0x6f CMakeFiles/STM32F4SPI.elf.dir/Core/Src/stm32f4xx_it.c.obj
 .comment       0x0000006e       0x6f CMakeFiles/STM32F4SPI.elf.dir/Core/Src/syscalls.c.obj
 .comment       0x0000006e       0x6f CMakeFiles/STM32F4SPI.elf.dir/Core/Src/system_stm32f4xx.c.obj
 .comment       0x0000006e       0x6f CMakeFiles/STM32F4SPI.elf.dir/Core/Src/usart.c.obj
 .comment       0x0000006e       0x6f CMakeFiles/STM32F4SPI.elf.dir/Drivers/STM32F4xx_HAL_Driver/Src/stm32f4xx_hal.c.obj
 .comment       0x0000006e       0x6f CMakeFiles/STM32F4SPI.elf.dir/Drivers/STM32F4xx_HAL_Driver/Src/stm32f4xx_hal_cortex.c.obj
 .comment       0x0000006e       0x6f CMakeFiles/STM32F4SPI.elf.dir/Drivers/STM32F4xx_HAL_Driver/Src/stm32f4xx_hal_dma.c.obj
 .comment       0x0000006e       0x6f CMakeFiles/STM32F4SPI.elf.dir/Drivers/STM32F4xx_HAL_Driver/Src/stm32f4xx_hal_gpio.c.obj
 .comment       0x0000006e       0x6f CMakeFiles/STM32F4SPI.elf.dir/Drivers/STM32F4xx_HAL_Driver/Src/stm32f4xx_hal_rcc.c.obj
 .comment       0x0000006e       0x6f CMakeFiles/STM32F4SPI.elf.dir/Drivers/STM32F4xx_HAL_Driver/Src/stm32f4xx_hal_spi.c.obj
 .comment       0x0000006e       0x6f CMakeFiles/STM32F4SPI.elf.dir/Drivers/STM32F4xx_HAL_Driver/Src/stm32f4xx_hal_uart.c.obj

.debug_frame    0x00000000     0x2240
 .debug_frame   0x00000000      0x254 CMakeFiles/STM32F4SPI.elf.dir/Core/OLED/OLED.c.obj
 .debug_frame   0x00000254       0x30 CMakeFiles/STM32F4SPI.elf.dir/Core/Src/dma.c.obj
 .debug_frame   0x00000284       0x34 CMakeFiles/STM32F4SPI.elf.dir/Core/Src/gpio.c.obj
 .debug_frame   0x000002b8       0x70 CMakeFiles/STM32F4SPI.elf.dir/Core/Src/main.c.obj
 .debug_frame   0x00000328       0x6c CMakeFiles/STM32F4SPI.elf.dir/Core/Src/spi.c.obj
 .debug_frame   0x00000394       0x28 CMakeFiles/STM32F4SPI.elf.dir/Core/Src/stm32f4xx_hal_msp.c.obj
 .debug_frame   0x000003bc      0x134 CMakeFiles/STM32F4SPI.elf.dir/Core/Src/stm32f4xx_it.c.obj
 .debug_frame   0x000004f0      0x1ac CMakeFiles/STM32F4SPI.elf.dir/Core/Src/syscalls.c.obj
 .debug_frame   0x0000069c       0x30 CMakeFiles/STM32F4SPI.elf.dir/Core/Src/system_stm32f4xx.c.obj
 .debug_frame   0x000006cc       0x80 CMakeFiles/STM32F4SPI.elf.dir/Core/Src/usart.c.obj
 .debug_frame   0x0000074c      0x1ec CMakeFiles/STM32F4SPI.elf.dir/Drivers/STM32F4xx_HAL_Driver/Src/stm32f4xx_hal.c.obj
 .debug_frame   0x00000938      0x154 CMakeFiles/STM32F4SPI.elf.dir/Drivers/STM32F4xx_HAL_Driver/Src/stm32f4xx_hal_cortex.c.obj
 .debug_frame   0x00000a8c      0x184 CMakeFiles/STM32F4SPI.elf.dir/Drivers/STM32F4xx_HAL_Driver/Src/stm32f4xx_hal_dma.c.obj
 .debug_frame   0x00000c10       0xc4 CMakeFiles/STM32F4SPI.elf.dir/Drivers/STM32F4xx_HAL_Driver/Src/stm32f4xx_hal_gpio.c.obj
 .debug_frame   0x00000cd4      0x170 CMakeFiles/STM32F4SPI.elf.dir/Drivers/STM32F4xx_HAL_Driver/Src/stm32f4xx_hal_rcc.c.obj
 .debug_frame   0x00000e44      0x588 CMakeFiles/STM32F4SPI.elf.dir/Drivers/STM32F4xx_HAL_Driver/Src/stm32f4xx_hal_spi.c.obj
 .debug_frame   0x000013cc      0x5b0 CMakeFiles/STM32F4SPI.elf.dir/Drivers/STM32F4xx_HAL_Driver/Src/stm32f4xx_hal_uart.c.obj
 .debug_frame   0x0000197c       0x2c d:/clion 2021.1.1/gnu tools arm embedded/5.4 2016q3/bin/../lib/gcc/arm-none-eabi/5.4.1/armv7e-m\libgcc.a(_aeabi_uldivmod.o)
 .debug_frame   0x000019a8       0x34 d:/clion 2021.1.1/gnu tools arm embedded/5.4 2016q3/bin/../lib/gcc/arm-none-eabi/5.4.1/armv7e-m\libgcc.a(_udivmoddi4.o)
 .debug_frame   0x000019dc       0x20 d:/clion 2021.1.1/gnu tools arm embedded/5.4 2016q3/bin/../lib/gcc/arm-none-eabi/5.4.1/../../../../arm-none-eabi/lib/armv7e-m\libg.a(lib_a-errno.o)
 .debug_frame   0x000019fc       0x2c d:/clion 2021.1.1/gnu tools arm embedded/5.4 2016q3/bin/../lib/gcc/arm-none-eabi/5.4.1/../../../../arm-none-eabi/lib/armv7e-m\libg.a(lib_a-init.o)
 .debug_frame   0x00001a28       0x34 d:/clion 2021.1.1/gnu tools arm embedded/5.4 2016q3/bin/../lib/gcc/arm-none-eabi/5.4.1/../../../../arm-none-eabi/lib/armv7e-m\libg.a(lib_a-memset.o)
 .debug_frame   0x00001a5c       0x48 d:/clion 2021.1.1/gnu tools arm embedded/5.4 2016q3/bin/../lib/gcc/arm-none-eabi/5.4.1/../../../../arm-none-eabi/lib/armv7e-m\libg.a(lib_a-puts.o)
 .debug_frame   0x00001aa4       0x2c d:/clion 2021.1.1/gnu tools arm embedded/5.4 2016q3/bin/../lib/gcc/arm-none-eabi/5.4.1/../../../../arm-none-eabi/lib/armv7e-m\libg.a(lib_a-wsetup.o)
 .debug_frame   0x00001ad0       0x50 d:/clion 2021.1.1/gnu tools arm embedded/5.4 2016q3/bin/../lib/gcc/arm-none-eabi/5.4.1/../../../../arm-none-eabi/lib/armv7e-m\libg.a(lib_a-__call_atexit.o)
 .debug_frame   0x00001b20       0x20 d:/clion 2021.1.1/gnu tools arm embedded/5.4 2016q3/bin/../lib/gcc/arm-none-eabi/5.4.1/../../../../arm-none-eabi/lib/armv7e-m\libg.a(lib_a-atexit.o)
 .debug_frame   0x00001b40       0x6c d:/clion 2021.1.1/gnu tools arm embedded/5.4 2016q3/bin/../lib/gcc/arm-none-eabi/5.4.1/../../../../arm-none-eabi/lib/armv7e-m\libg.a(lib_a-fflush.o)
 .debug_frame   0x00001bac      0x124 d:/clion 2021.1.1/gnu tools arm embedded/5.4 2016q3/bin/../lib/gcc/arm-none-eabi/5.4.1/../../../../arm-none-eabi/lib/armv7e-m\libg.a(lib_a-findfp.o)
 .debug_frame   0x00001cd0       0x34 d:/clion 2021.1.1/gnu tools arm embedded/5.4 2016q3/bin/../lib/gcc/arm-none-eabi/5.4.1/../../../../arm-none-eabi/lib/armv7e-m\libg.a(lib_a-fini.o)
 .debug_frame   0x00001d04       0x74 d:/clion 2021.1.1/gnu tools arm embedded/5.4 2016q3/bin/../lib/gcc/arm-none-eabi/5.4.1/../../../../arm-none-eabi/lib/armv7e-m\libg.a(lib_a-freer.o)
 .debug_frame   0x00001d78       0x68 d:/clion 2021.1.1/gnu tools arm embedded/5.4 2016q3/bin/../lib/gcc/arm-none-eabi/5.4.1/../../../../arm-none-eabi/lib/armv7e-m\libg.a(lib_a-fvwrite.o)
 .debug_frame   0x00001de0       0x54 d:/clion 2021.1.1/gnu tools arm embedded/5.4 2016q3/bin/../lib/gcc/arm-none-eabi/5.4.1/../../../../arm-none-eabi/lib/armv7e-m\libg.a(lib_a-fwalk.o)
 .debug_frame   0x00001e34       0x68 d:/clion 2021.1.1/gnu tools arm embedded/5.4 2016q3/bin/../lib/gcc/arm-none-eabi/5.4.1/../../../../arm-none-eabi/lib/armv7e-m\libg.a(lib_a-makebuf.o)
 .debug_frame   0x00001e9c       0x58 d:/clion 2021.1.1/gnu tools arm embedded/5.4 2016q3/bin/../lib/gcc/arm-none-eabi/5.4.1/../../../../arm-none-eabi/lib/armv7e-m\libg.a(lib_a-mallocr.o)
 .debug_frame   0x00001ef4       0x30 d:/clion 2021.1.1/gnu tools arm embedded/5.4 2016q3/bin/../lib/gcc/arm-none-eabi/5.4.1/../../../../arm-none-eabi/lib/armv7e-m\libg.a(lib_a-memmove.o)
 .debug_frame   0x00001f24       0x30 d:/clion 2021.1.1/gnu tools arm embedded/5.4 2016q3/bin/../lib/gcc/arm-none-eabi/5.4.1/../../../../arm-none-eabi/lib/armv7e-m\libg.a(lib_a-mlock.o)
 .debug_frame   0x00001f54       0x60 d:/clion 2021.1.1/gnu tools arm embedded/5.4 2016q3/bin/../lib/gcc/arm-none-eabi/5.4.1/../../../../arm-none-eabi/lib/armv7e-m\libg.a(lib_a-reallocr.o)
 .debug_frame   0x00001fb4       0x2c d:/clion 2021.1.1/gnu tools arm embedded/5.4 2016q3/bin/../lib/gcc/arm-none-eabi/5.4.1/../../../../arm-none-eabi/lib/armv7e-m\libg.a(lib_a-sbrkr.o)
 .debug_frame   0x00001fe0       0x88 d:/clion 2021.1.1/gnu tools arm embedded/5.4 2016q3/bin/../lib/gcc/arm-none-eabi/5.4.1/../../../../arm-none-eabi/lib/armv7e-m\libg.a(lib_a-stdio.o)
 .debug_frame   0x00002068       0x2c d:/clion 2021.1.1/gnu tools arm embedded/5.4 2016q3/bin/../lib/gcc/arm-none-eabi/5.4.1/../../../../arm-none-eabi/lib/armv7e-m\libg.a(lib_a-writer.o)
 .debug_frame   0x00002094       0x34 d:/clion 2021.1.1/gnu tools arm embedded/5.4 2016q3/bin/../lib/gcc/arm-none-eabi/5.4.1/../../../../arm-none-eabi/lib/armv7e-m\libg.a(lib_a-__atexit.o)
 .debug_frame   0x000020c8       0x2c d:/clion 2021.1.1/gnu tools arm embedded/5.4 2016q3/bin/../lib/gcc/arm-none-eabi/5.4.1/../../../../arm-none-eabi/lib/armv7e-m\libg.a(lib_a-closer.o)
 .debug_frame   0x000020f4       0x44 d:/clion 2021.1.1/gnu tools arm embedded/5.4 2016q3/bin/../lib/gcc/arm-none-eabi/5.4.1/../../../../arm-none-eabi/lib/armv7e-m\libg.a(lib_a-fclose.o)
 .debug_frame   0x00002138       0x2c d:/clion 2021.1.1/gnu tools arm embedded/5.4 2016q3/bin/../lib/gcc/arm-none-eabi/5.4.1/../../../../arm-none-eabi/lib/armv7e-m\libg.a(lib_a-fstatr.o)
 .debug_frame   0x00002164       0x2c d:/clion 2021.1.1/gnu tools arm embedded/5.4 2016q3/bin/../lib/gcc/arm-none-eabi/5.4.1/../../../../arm-none-eabi/lib/armv7e-m\libg.a(lib_a-isattyr.o)
 .debug_frame   0x00002190       0x2c d:/clion 2021.1.1/gnu tools arm embedded/5.4 2016q3/bin/../lib/gcc/arm-none-eabi/5.4.1/../../../../arm-none-eabi/lib/armv7e-m\libg.a(lib_a-lseekr.o)
 .debug_frame   0x000021bc       0x2c d:/clion 2021.1.1/gnu tools arm embedded/5.4 2016q3/bin/../lib/gcc/arm-none-eabi/5.4.1/../../../../arm-none-eabi/lib/armv7e-m\libg.a(lib_a-readr.o)
 .debug_frame   0x000021e8       0x58 d:/clion 2021.1.1/gnu tools arm embedded/5.4 2016q3/bin/../lib/gcc/arm-none-eabi/5.4.1/../../../../arm-none-eabi/lib/armv7e-m\libg.a(lib_a-reent.o)
